[2024-11-30T08:51:03.000-0700][gc,heap] Heap region size: 1M
[2024-11-30T08:51:03.002-0700][gc     ] Using G1
[2024-11-30T08:51:03.002-0700][gc,heap,coops] Heap address: 0x0000000780000000, size: 1024 MB, Compressed Oops mode: Zero based, Oop shift amount: 3
[2024-11-30T08:51:03.476-0700][gc,start     ] GC(0) Pause Young (Normal) (G1 Evacuation Pause)
[2024-11-30T08:51:03.477-0700][gc,task      ] GC(0) Using 8 workers of 8 for evacuation
[2024-11-30T08:51:03.480-0700][gc,phases    ] GC(0)   Pre Evacuate Collection Set: 0.1ms
[2024-11-30T08:51:03.480-0700][gc,phases    ] GC(0)   Evacuate Collection Set: 3.3ms
[2024-11-30T08:51:03.480-0700][gc,phases    ] GC(0)   Post Evacuate Collection Set: 0.3ms
[2024-11-30T08:51:03.480-0700][gc,phases    ] GC(0)   Other: 0.3ms
[2024-11-30T08:51:03.480-0700][gc,heap      ] GC(0) Eden regions: 51->0(44)
[2024-11-30T08:51:03.480-0700][gc,heap      ] GC(0) Survivor regions: 0->7(7)
[2024-11-30T08:51:03.480-0700][gc,heap      ] GC(0) Old regions: 0->2
[2024-11-30T08:51:03.480-0700][gc,heap      ] GC(0) Humongous regions: 0->0
[2024-11-30T08:51:03.480-0700][gc,metaspace ] GC(0) Metaspace: 20197K(20736K)->20197K(20736K) NonClass: 17889K(18176K)->17889K(18176K) Class: 2307K(2560K)->2307K(2560K)
[2024-11-30T08:51:03.480-0700][gc           ] GC(0) Pause Young (Normal) (G1 Evacuation Pause) 51M->8M(1024M) 4.093ms
[2024-11-30T08:51:03.480-0700][gc,cpu       ] GC(0) User=0.02s Sys=0.01s Real=0.01s
[2024-11-30T08:51:03.497-0700][gc,start     ] GC(1) Pause Young (Concurrent Start) (Metadata GC Threshold)
[2024-11-30T08:51:03.497-0700][gc,task      ] GC(1) Using 8 workers of 8 for evacuation
[2024-11-30T08:51:03.499-0700][gc,phases    ] GC(1)   Pre Evacuate Collection Set: 0.0ms
[2024-11-30T08:51:03.499-0700][gc,phases    ] GC(1)   Evacuate Collection Set: 2.1ms
[2024-11-30T08:51:03.499-0700][gc,phases    ] GC(1)   Post Evacuate Collection Set: 0.2ms
[2024-11-30T08:51:03.499-0700][gc,phases    ] GC(1)   Other: 0.1ms
[2024-11-30T08:51:03.499-0700][gc,heap      ] GC(1) Eden regions: 3->0(50)
[2024-11-30T08:51:03.499-0700][gc,heap      ] GC(1) Survivor regions: 7->1(7)
[2024-11-30T08:51:03.499-0700][gc,heap      ] GC(1) Old regions: 2->9
[2024-11-30T08:51:03.499-0700][gc,heap      ] GC(1) Humongous regions: 0->0
[2024-11-30T08:51:03.499-0700][gc,metaspace ] GC(1) Metaspace: 20652K(21296K)->20652K(21296K) NonClass: 18284K(18608K)->18284K(18608K) Class: 2367K(2688K)->2367K(2688K)
[2024-11-30T08:51:03.499-0700][gc           ] GC(1) Pause Young (Concurrent Start) (Metadata GC Threshold) 11M->8M(1024M) 2.474ms
[2024-11-30T08:51:03.499-0700][gc,cpu       ] GC(1) User=0.01s Sys=0.00s Real=0.00s
[2024-11-30T08:51:03.499-0700][gc           ] GC(2) Concurrent Cycle
[2024-11-30T08:51:03.499-0700][gc,marking   ] GC(2) Concurrent Clear Claimed Marks
[2024-11-30T08:51:03.499-0700][gc,marking   ] GC(2) Concurrent Clear Claimed Marks 0.011ms
[2024-11-30T08:51:03.499-0700][gc,marking   ] GC(2) Concurrent Scan Root Regions
[2024-11-30T08:51:03.499-0700][gc,marking   ] GC(2) Concurrent Scan Root Regions 0.104ms
[2024-11-30T08:51:03.500-0700][gc,marking   ] GC(2) Concurrent Mark (0.504s)
[2024-11-30T08:51:03.500-0700][gc,marking   ] GC(2) Concurrent Mark From Roots
[2024-11-30T08:51:03.500-0700][gc,task      ] GC(2) Using 2 workers of 2 for marking
[2024-11-30T08:51:03.502-0700][gc,marking   ] GC(2) Concurrent Mark From Roots 2.409ms
[2024-11-30T08:51:03.502-0700][gc,marking   ] GC(2) Concurrent Preclean
[2024-11-30T08:51:03.502-0700][gc,marking   ] GC(2) Concurrent Preclean 0.031ms
[2024-11-30T08:51:03.502-0700][gc,marking   ] GC(2) Concurrent Mark (0.504s, 0.506s) 2.479ms
[2024-11-30T08:51:03.502-0700][gc,start     ] GC(2) Pause Remark
[2024-11-30T08:51:03.503-0700][gc,stringtable] GC(2) Cleaned string and symbol table, strings: 8182 processed, 0 removed, symbols: 68991 processed, 39 removed
[2024-11-30T08:51:03.503-0700][gc            ] GC(2) Pause Remark 9M->9M(1024M) 1.249ms
[2024-11-30T08:51:03.503-0700][gc,cpu        ] GC(2) User=0.01s Sys=0.00s Real=0.00s
[2024-11-30T08:51:03.503-0700][gc,marking    ] GC(2) Concurrent Rebuild Remembered Sets
[2024-11-30T08:51:03.505-0700][gc,marking    ] GC(2) Concurrent Rebuild Remembered Sets 1.949ms
[2024-11-30T08:51:03.505-0700][gc,start      ] GC(2) Pause Cleanup
[2024-11-30T08:51:03.506-0700][gc            ] GC(2) Pause Cleanup 9M->9M(1024M) 0.096ms
[2024-11-30T08:51:03.506-0700][gc,cpu        ] GC(2) User=0.00s Sys=0.00s Real=0.00s
[2024-11-30T08:51:03.506-0700][gc,marking    ] GC(2) Concurrent Cleanup for Next Mark
[2024-11-30T08:51:03.507-0700][gc,marking    ] GC(2) Concurrent Cleanup for Next Mark 1.852ms
[2024-11-30T08:51:03.507-0700][gc            ] GC(2) Concurrent Cycle 8.053ms
[2024-11-30T08:51:04.019-0700][gc,start      ] GC(3) Pause Young (Normal) (G1 Evacuation Pause)
[2024-11-30T08:51:04.019-0700][gc,task       ] GC(3) Using 8 workers of 8 for evacuation
[2024-11-30T08:51:04.021-0700][gc,phases     ] GC(3)   Pre Evacuate Collection Set: 0.0ms
[2024-11-30T08:51:04.021-0700][gc,phases     ] GC(3)   Evacuate Collection Set: 1.2ms
[2024-11-30T08:51:04.021-0700][gc,phases     ] GC(3)   Post Evacuate Collection Set: 0.1ms
[2024-11-30T08:51:04.021-0700][gc,phases     ] GC(3)   Other: 0.1ms
[2024-11-30T08:51:04.021-0700][gc,heap       ] GC(3) Eden regions: 50->0(48)
[2024-11-30T08:51:04.021-0700][gc,heap       ] GC(3) Survivor regions: 1->3(7)
[2024-11-30T08:51:04.021-0700][gc,heap       ] GC(3) Old regions: 9->9
[2024-11-30T08:51:04.021-0700][gc,heap       ] GC(3) Humongous regions: 129->129
[2024-11-30T08:51:04.021-0700][gc,metaspace  ] GC(3) Metaspace: 29507K(30384K)->29507K(30384K) NonClass: 26012K(26544K)->26012K(26544K) Class: 3495K(3840K)->3495K(3840K)
[2024-11-30T08:51:04.021-0700][gc            ] GC(3) Pause Young (Normal) (G1 Evacuation Pause) 187M->139M(1024M) 1.487ms
[2024-11-30T08:51:04.021-0700][gc,cpu        ] GC(3) User=0.01s Sys=0.00s Real=0.01s
[2024-11-30T08:51:04.165-0700][gc,start      ] GC(4) Pause Young (Concurrent Start) (Metadata GC Threshold)
[2024-11-30T08:51:04.165-0700][gc,task       ] GC(4) Using 8 workers of 8 for evacuation
[2024-11-30T08:51:04.167-0700][gc,phases     ] GC(4)   Pre Evacuate Collection Set: 0.1ms
[2024-11-30T08:51:04.167-0700][gc,phases     ] GC(4)   Evacuate Collection Set: 1.6ms
[2024-11-30T08:51:04.167-0700][gc,phases     ] GC(4)   Post Evacuate Collection Set: 0.1ms
[2024-11-30T08:51:04.167-0700][gc,phases     ] GC(4)   Other: 0.1ms
[2024-11-30T08:51:04.167-0700][gc,heap       ] GC(4) Eden regions: 30->0(48)
[2024-11-30T08:51:04.167-0700][gc,heap       ] GC(4) Survivor regions: 3->3(7)
[2024-11-30T08:51:04.167-0700][gc,heap       ] GC(4) Old regions: 9->9
[2024-11-30T08:51:04.167-0700][gc,heap       ] GC(4) Humongous regions: 129->129
[2024-11-30T08:51:04.167-0700][gc,metaspace  ] GC(4) Metaspace: 34996K(35888K)->34996K(35888K) NonClass: 31128K(31664K)->31128K(31664K) Class: 3867K(4224K)->3867K(4224K)
[2024-11-30T08:51:04.167-0700][gc            ] GC(4) Pause Young (Concurrent Start) (Metadata GC Threshold) 169M->140M(1024M) 1.899ms
[2024-11-30T08:51:04.167-0700][gc,cpu        ] GC(4) User=0.01s Sys=0.00s Real=0.00s
[2024-11-30T08:51:04.167-0700][gc            ] GC(5) Concurrent Cycle
[2024-11-30T08:51:04.167-0700][gc,marking    ] GC(5) Concurrent Clear Claimed Marks
[2024-11-30T08:51:04.167-0700][gc,marking    ] GC(5) Concurrent Clear Claimed Marks 0.014ms
[2024-11-30T08:51:04.167-0700][gc,marking    ] GC(5) Concurrent Scan Root Regions
[2024-11-30T08:51:04.168-0700][gc,marking    ] GC(5) Concurrent Scan Root Regions 0.917ms
[2024-11-30T08:51:04.168-0700][gc,marking    ] GC(5) Concurrent Mark (1.172s)
[2024-11-30T08:51:04.168-0700][gc,marking    ] GC(5) Concurrent Mark From Roots
[2024-11-30T08:51:04.168-0700][gc,task       ] GC(5) Using 2 workers of 2 for marking
[2024-11-30T08:51:04.171-0700][gc,marking    ] GC(5) Concurrent Mark From Roots 3.195ms
[2024-11-30T08:51:04.171-0700][gc,marking    ] GC(5) Concurrent Preclean
[2024-11-30T08:51:04.171-0700][gc,marking    ] GC(5) Concurrent Preclean 0.025ms
[2024-11-30T08:51:04.171-0700][gc,marking    ] GC(5) Concurrent Mark (1.172s, 1.175s) 3.246ms
[2024-11-30T08:51:04.171-0700][gc,start      ] GC(5) Pause Remark
[2024-11-30T08:51:04.172-0700][gc,stringtable] GC(5) Cleaned string and symbol table, strings: 12608 processed, 11 removed, symbols: 102756 processed, 23 removed
[2024-11-30T08:51:04.172-0700][gc            ] GC(5) Pause Remark 141M->141M(1024M) 1.273ms
[2024-11-30T08:51:04.172-0700][gc,cpu        ] GC(5) User=0.01s Sys=0.00s Real=0.00s
[2024-11-30T08:51:04.172-0700][gc,marking    ] GC(5) Concurrent Rebuild Remembered Sets
[2024-11-30T08:51:04.174-0700][gc,marking    ] GC(5) Concurrent Rebuild Remembered Sets 2.068ms
[2024-11-30T08:51:04.175-0700][gc,start      ] GC(5) Pause Cleanup
[2024-11-30T08:51:04.175-0700][gc            ] GC(5) Pause Cleanup 141M->141M(1024M) 0.086ms
[2024-11-30T08:51:04.175-0700][gc,cpu        ] GC(5) User=0.00s Sys=0.00s Real=0.00s
[2024-11-30T08:51:04.175-0700][gc,marking    ] GC(5) Concurrent Cleanup for Next Mark
[2024-11-30T08:51:04.176-0700][gc,marking    ] GC(5) Concurrent Cleanup for Next Mark 1.568ms
[2024-11-30T08:51:04.176-0700][gc            ] GC(5) Concurrent Cycle 9.522ms
[2024-11-30T08:51:04.444-0700][gc,start      ] GC(6) Pause Young (Normal) (G1 Evacuation Pause)
[2024-11-30T08:51:04.444-0700][gc,task       ] GC(6) Using 8 workers of 8 for evacuation
[2024-11-30T08:51:04.448-0700][gc,phases     ] GC(6)   Pre Evacuate Collection Set: 0.0ms
[2024-11-30T08:51:04.448-0700][gc,phases     ] GC(6)   Evacuate Collection Set: 3.4ms
[2024-11-30T08:51:04.448-0700][gc,phases     ] GC(6)   Post Evacuate Collection Set: 0.4ms
[2024-11-30T08:51:04.448-0700][gc,phases     ] GC(6)   Other: 0.1ms
[2024-11-30T08:51:04.448-0700][gc,heap       ] GC(6) Eden regions: 48->0(44)
[2024-11-30T08:51:04.448-0700][gc,heap       ] GC(6) Survivor regions: 3->7(7)
[2024-11-30T08:51:04.448-0700][gc,heap       ] GC(6) Old regions: 9->9
[2024-11-30T08:51:04.448-0700][gc,heap       ] GC(6) Humongous regions: 129->129
[2024-11-30T08:51:04.448-0700][gc,metaspace  ] GC(6) Metaspace: 42423K(43952K)->42423K(43952K) NonClass: 37683K(38576K)->37683K(38576K) Class: 4739K(5376K)->4739K(5376K)
[2024-11-30T08:51:04.448-0700][gc            ] GC(6) Pause Young (Normal) (G1 Evacuation Pause) 188M->143M(1024M) 3.945ms
[2024-11-30T08:51:04.448-0700][gc,cpu        ] GC(6) User=0.02s Sys=0.00s Real=0.00s
[2024-11-30T09:01:33.925-0700][gc,start      ] GC(7) Pause Young (Normal) (G1 Evacuation Pause)
[2024-11-30T09:01:33.926-0700][gc,task       ] GC(7) Using 8 workers of 8 for evacuation
[2024-11-30T09:01:33.971-0700][gc,mmu        ] GC(7) MMU target violated: 21.0ms (20.0ms/21.0ms)
[2024-11-30T09:01:33.971-0700][gc,phases     ] GC(7)   Pre Evacuate Collection Set: 3.1ms
[2024-11-30T09:01:33.971-0700][gc,phases     ] GC(7)   Evacuate Collection Set: 39.4ms
[2024-11-30T09:01:33.971-0700][gc,phases     ] GC(7)   Post Evacuate Collection Set: 1.2ms
[2024-11-30T09:01:33.971-0700][gc,phases     ] GC(7)   Other: 2.6ms
[2024-11-30T09:01:33.971-0700][gc,heap       ] GC(7) Eden regions: 44->0(48)
[2024-11-30T09:01:33.971-0700][gc,heap       ] GC(7) Survivor regions: 7->3(7)
[2024-11-30T09:01:33.971-0700][gc,heap       ] GC(7) Old regions: 9->15
[2024-11-30T09:01:33.971-0700][gc,heap       ] GC(7) Humongous regions: 129->129
[2024-11-30T09:01:33.971-0700][gc,metaspace  ] GC(7) Metaspace: 48650K(51248K)->48650K(51248K) NonClass: 42626K(43952K)->42626K(43952K) Class: 6024K(7296K)->6024K(7296K)
[2024-11-30T09:01:33.971-0700][gc            ] GC(7) Pause Young (Normal) (G1 Evacuation Pause) 187M->145M(1024M) 45.880ms
[2024-11-30T09:01:33.971-0700][gc,cpu        ] GC(7) User=0.03s Sys=0.06s Real=0.05s
[2024-11-30T09:12:25.160-0700][gc,start      ] GC(8) Pause Young (Normal) (G1 Evacuation Pause)
[2024-11-30T09:12:25.161-0700][gc,task       ] GC(8) Using 8 workers of 8 for evacuation
[2024-11-30T09:12:25.169-0700][gc,phases     ] GC(8)   Pre Evacuate Collection Set: 0.2ms
[2024-11-30T09:12:25.169-0700][gc,phases     ] GC(8)   Evacuate Collection Set: 7.2ms
[2024-11-30T09:12:25.169-0700][gc,phases     ] GC(8)   Post Evacuate Collection Set: 0.4ms
[2024-11-30T09:12:25.169-0700][gc,phases     ] GC(8)   Other: 1.1ms
[2024-11-30T09:12:25.169-0700][gc,heap       ] GC(8) Eden regions: 48->0(46)
[2024-11-30T09:12:25.169-0700][gc,heap       ] GC(8) Survivor regions: 3->5(7)
[2024-11-30T09:12:25.169-0700][gc,heap       ] GC(8) Old regions: 15->15
[2024-11-30T09:12:25.169-0700][gc,heap       ] GC(8) Humongous regions: 129->129
[2024-11-30T09:12:25.169-0700][gc,metaspace  ] GC(8) Metaspace: 52429K(55344K)->52429K(55344K) NonClass: 45844K(47280K)->45844K(47280K) Class: 6585K(8064K)->6585K(8064K)
[2024-11-30T09:12:25.169-0700][gc            ] GC(8) Pause Young (Normal) (G1 Evacuation Pause) 193M->148M(1024M) 8.996ms
[2024-11-30T09:12:25.169-0700][gc,cpu        ] GC(8) User=0.02s Sys=0.02s Real=0.00s
[2024-11-30T09:18:00.616-0700][gc,start      ] GC(9) Pause Young (Normal) (G1 Evacuation Pause)
[2024-11-30T09:18:00.618-0700][gc,task       ] GC(9) Using 8 workers of 8 for evacuation
[2024-11-30T09:18:00.626-0700][gc,phases     ] GC(9)   Pre Evacuate Collection Set: 0.2ms
[2024-11-30T09:18:00.626-0700][gc,phases     ] GC(9)   Evacuate Collection Set: 6.7ms
[2024-11-30T09:18:00.626-0700][gc,phases     ] GC(9)   Post Evacuate Collection Set: 0.4ms
[2024-11-30T09:18:00.626-0700][gc,phases     ] GC(9)   Other: 1.9ms
[2024-11-30T09:18:00.626-0700][gc,heap       ] GC(9) Eden regions: 46->0(46)
[2024-11-30T09:18:00.626-0700][gc,heap       ] GC(9) Survivor regions: 5->5(7)
[2024-11-30T09:18:00.626-0700][gc,heap       ] GC(9) Old regions: 15->17
[2024-11-30T09:18:00.626-0700][gc,heap       ] GC(9) Humongous regions: 129->129
[2024-11-30T09:18:00.626-0700][gc,metaspace  ] GC(9) Metaspace: 53394K(56368K)->53394K(56368K) NonClass: 46809K(48304K)->46809K(48304K) Class: 6585K(8064K)->6585K(8064K)
[2024-11-30T09:18:00.626-0700][gc            ] GC(9) Pause Young (Normal) (G1 Evacuation Pause) 194M->150M(1024M) 9.298ms
[2024-11-30T09:18:00.626-0700][gc,cpu        ] GC(9) User=0.02s Sys=0.02s Real=0.01s
[2024-11-30T09:23:48.227-0700][gc,start      ] GC(10) Pause Young (Normal) (G1 Evacuation Pause)
[2024-11-30T09:23:48.227-0700][gc,task       ] GC(10) Using 8 workers of 8 for evacuation
[2024-11-30T09:23:48.233-0700][gc,phases     ] GC(10)   Pre Evacuate Collection Set: 0.2ms
[2024-11-30T09:23:48.233-0700][gc,phases     ] GC(10)   Evacuate Collection Set: 5.1ms
[2024-11-30T09:23:48.233-0700][gc,phases     ] GC(10)   Post Evacuate Collection Set: 0.3ms
[2024-11-30T09:23:48.233-0700][gc,phases     ] GC(10)   Other: 0.4ms
[2024-11-30T09:23:48.233-0700][gc,heap       ] GC(10) Eden regions: 46->0(48)
[2024-11-30T09:23:48.233-0700][gc,heap       ] GC(10) Survivor regions: 5->3(7)
[2024-11-30T09:23:48.233-0700][gc,heap       ] GC(10) Old regions: 17->19
[2024-11-30T09:23:48.233-0700][gc,heap       ] GC(10) Humongous regions: 129->129
[2024-11-30T09:23:48.233-0700][gc,metaspace  ] GC(10) Metaspace: 53803K(56880K)->53803K(56880K) NonClass: 47185K(48816K)->47185K(48816K) Class: 6617K(8064K)->6617K(8064K)
[2024-11-30T09:23:48.233-0700][gc            ] GC(10) Pause Young (Normal) (G1 Evacuation Pause) 196M->150M(1024M) 6.041ms
[2024-11-30T09:23:48.233-0700][gc,cpu        ] GC(10) User=0.02s Sys=0.02s Real=0.01s
[2024-11-30T09:30:18.542-0700][gc,start      ] GC(11) Pause Young (Normal) (G1 Evacuation Pause)
[2024-11-30T09:30:18.543-0700][gc,task       ] GC(11) Using 8 workers of 8 for evacuation
[2024-11-30T09:30:18.552-0700][gc,phases     ] GC(11)   Pre Evacuate Collection Set: 0.2ms
[2024-11-30T09:30:18.552-0700][gc,phases     ] GC(11)   Evacuate Collection Set: 8.0ms
[2024-11-30T09:30:18.552-0700][gc,phases     ] GC(11)   Post Evacuate Collection Set: 0.3ms
[2024-11-30T09:30:18.552-0700][gc,phases     ] GC(11)   Other: 1.5ms
[2024-11-30T09:30:18.552-0700][gc,heap       ] GC(11) Eden regions: 48->0(47)
[2024-11-30T09:30:18.552-0700][gc,heap       ] GC(11) Survivor regions: 3->5(7)
[2024-11-30T09:30:18.552-0700][gc,heap       ] GC(11) Old regions: 19->19
[2024-11-30T09:30:18.552-0700][gc,heap       ] GC(11) Humongous regions: 129->129
[2024-11-30T09:30:18.552-0700][gc,metaspace  ] GC(11) Metaspace: 54063K(57136K)->54063K(57136K) NonClass: 47445K(49072K)->47445K(49072K) Class: 6618K(8064K)->6618K(8064K)
[2024-11-30T09:30:18.552-0700][gc            ] GC(11) Pause Young (Normal) (G1 Evacuation Pause) 198M->152M(1024M) 10.056ms
[2024-11-30T09:30:18.552-0700][gc,cpu        ] GC(11) User=0.01s Sys=0.01s Real=0.01s
[2024-11-30T09:36:45.675-0700][gc,start      ] GC(12) Pause Young (Normal) (G1 Evacuation Pause)
[2024-11-30T09:36:45.676-0700][gc,task       ] GC(12) Using 8 workers of 8 for evacuation
[2024-11-30T09:36:45.686-0700][gc,phases     ] GC(12)   Pre Evacuate Collection Set: 1.7ms
[2024-11-30T09:36:45.686-0700][gc,phases     ] GC(12)   Evacuate Collection Set: 7.7ms
[2024-11-30T09:36:45.686-0700][gc,phases     ] GC(12)   Post Evacuate Collection Set: 0.3ms
[2024-11-30T09:36:45.686-0700][gc,phases     ] GC(12)   Other: 0.9ms
[2024-11-30T09:36:45.686-0700][gc,heap       ] GC(12) Eden regions: 47->0(50)
[2024-11-30T09:36:45.686-0700][gc,heap       ] GC(12) Survivor regions: 5->5(7)
[2024-11-30T09:36:45.686-0700][gc,heap       ] GC(12) Old regions: 19->21
[2024-11-30T09:36:45.686-0700][gc,heap       ] GC(12) Humongous regions: 129->129
[2024-11-30T09:36:45.686-0700][gc,metaspace  ] GC(12) Metaspace: 54180K(57392K)->54180K(57392K) NonClass: 47562K(49328K)->47562K(49328K) Class: 6618K(8064K)->6618K(8064K)
[2024-11-30T09:36:45.686-0700][gc            ] GC(12) Pause Young (Normal) (G1 Evacuation Pause) 199M->154M(1024M) 10.392ms
[2024-11-30T09:36:45.686-0700][gc,cpu        ] GC(12) User=0.02s Sys=0.01s Real=0.01s
[2024-11-30T09:43:26.485-0700][gc,start      ] GC(13) Pause Young (Normal) (G1 Evacuation Pause)
[2024-11-30T09:43:26.485-0700][gc,task       ] GC(13) Using 8 workers of 8 for evacuation
[2024-11-30T09:43:26.498-0700][gc,phases     ] GC(13)   Pre Evacuate Collection Set: 1.9ms
[2024-11-30T09:43:26.498-0700][gc,phases     ] GC(13)   Evacuate Collection Set: 10.2ms
[2024-11-30T09:43:26.498-0700][gc,phases     ] GC(13)   Post Evacuate Collection Set: 0.2ms
[2024-11-30T09:43:26.498-0700][gc,phases     ] GC(13)   Other: 2.0ms
[2024-11-30T09:43:26.499-0700][gc,heap       ] GC(13) Eden regions: 47->0(52)
[2024-11-30T09:43:26.499-0700][gc,heap       ] GC(13) Survivor regions: 5->6(7)
[2024-11-30T09:43:26.499-0700][gc,heap       ] GC(13) Old regions: 21->23
[2024-11-30T09:43:26.499-0700][gc,heap       ] GC(13) Humongous regions: 129->129
[2024-11-30T09:43:26.499-0700][gc,metaspace  ] GC(13) Metaspace: 54232K(57392K)->54232K(57392K) NonClass: 47614K(49328K)->47614K(49328K) Class: 6618K(8064K)->6618K(8064K)
[2024-11-30T09:43:26.499-0700][gc            ] GC(13) Pause Young (Normal) (G1 Evacuation Pause) 201M->157M(1024M) 13.717ms
[2024-11-30T09:43:26.499-0700][gc,cpu        ] GC(13) User=0.02s Sys=0.02s Real=0.01s
[2024-11-30T09:50:22.789-0700][gc,start      ] GC(14) Pause Young (Normal) (G1 Evacuation Pause)
[2024-11-30T09:50:22.789-0700][gc,task       ] GC(14) Using 8 workers of 8 for evacuation
[2024-11-30T09:50:22.802-0700][gc,phases     ] GC(14)   Pre Evacuate Collection Set: 1.7ms
[2024-11-30T09:50:22.802-0700][gc,phases     ] GC(14)   Evacuate Collection Set: 9.0ms
[2024-11-30T09:50:22.802-0700][gc,phases     ] GC(14)   Post Evacuate Collection Set: 0.4ms
[2024-11-30T09:50:22.802-0700][gc,phases     ] GC(14)   Other: 1.8ms
[2024-11-30T09:50:22.802-0700][gc,heap       ] GC(14) Eden regions: 49->0(54)
[2024-11-30T09:50:22.802-0700][gc,heap       ] GC(14) Survivor regions: 6->6(7)
[2024-11-30T09:50:22.802-0700][gc,heap       ] GC(14) Old regions: 23->26
[2024-11-30T09:50:22.802-0700][gc,heap       ] GC(14) Humongous regions: 129->129
[2024-11-30T09:50:22.802-0700][gc,metaspace  ] GC(14) Metaspace: 54288K(57392K)->54288K(57392K) NonClass: 47670K(49328K)->47670K(49328K) Class: 6618K(8064K)->6618K(8064K)
[2024-11-30T09:50:22.802-0700][gc            ] GC(14) Pause Young (Normal) (G1 Evacuation Pause) 206M->159M(1024M) 12.772ms
[2024-11-30T09:50:22.802-0700][gc,cpu        ] GC(14) User=0.03s Sys=0.02s Real=0.02s
[2024-11-30T09:55:50.359-0700][gc,start      ] GC(15) Pause Young (Normal) (G1 Evacuation Pause)
[2024-11-30T09:55:50.359-0700][gc,task       ] GC(15) Using 8 workers of 8 for evacuation
[2024-11-30T09:55:50.377-0700][gc,phases     ] GC(15)   Pre Evacuate Collection Set: 0.2ms
[2024-11-30T09:55:50.377-0700][gc,phases     ] GC(15)   Evacuate Collection Set: 16.8ms
[2024-11-30T09:55:50.377-0700][gc,phases     ] GC(15)   Post Evacuate Collection Set: 0.4ms
[2024-11-30T09:55:50.377-0700][gc,phases     ] GC(15)   Other: 0.5ms
[2024-11-30T09:55:50.377-0700][gc,heap       ] GC(15) Eden regions: 46->0(48)
[2024-11-30T09:55:50.377-0700][gc,heap       ] GC(15) Survivor regions: 6->7(7)
[2024-11-30T09:55:50.377-0700][gc,heap       ] GC(15) Old regions: 26->30
[2024-11-30T09:55:50.377-0700][gc,heap       ] GC(15) Humongous regions: 129->129
[2024-11-30T09:55:50.377-0700][gc,metaspace  ] GC(15) Metaspace: 54337K(57392K)->54337K(57392K) NonClass: 47714K(49328K)->47714K(49328K) Class: 6622K(8064K)->6622K(8064K)
[2024-11-30T09:55:50.377-0700][gc            ] GC(15) Pause Young (Normal) (G1 Evacuation Pause) 205M->165M(1024M) 17.898ms
[2024-11-30T09:55:50.377-0700][gc,cpu        ] GC(15) User=0.03s Sys=0.05s Real=0.02s
[2024-11-30T10:02:03.914-0700][gc,start      ] GC(16) Pause Young (Normal) (G1 Evacuation Pause)
[2024-11-30T10:02:03.915-0700][gc,task       ] GC(16) Using 8 workers of 8 for evacuation
[2024-11-30T10:02:03.923-0700][gc,phases     ] GC(16)   Pre Evacuate Collection Set: 0.2ms
[2024-11-30T10:02:03.923-0700][gc,phases     ] GC(16)   Evacuate Collection Set: 7.5ms
[2024-11-30T10:02:03.923-0700][gc,phases     ] GC(16)   Post Evacuate Collection Set: 0.3ms
[2024-11-30T10:02:03.923-0700][gc,phases     ] GC(16)   Other: 0.5ms
[2024-11-30T10:02:03.923-0700][gc,heap       ] GC(16) Eden regions: 44->0(53)
[2024-11-30T10:02:03.923-0700][gc,heap       ] GC(16) Survivor regions: 7->3(7)
[2024-11-30T10:02:03.923-0700][gc,heap       ] GC(16) Old regions: 30->36
[2024-11-30T10:02:03.923-0700][gc,heap       ] GC(16) Humongous regions: 129->129
[2024-11-30T10:02:03.923-0700][gc,metaspace  ] GC(16) Metaspace: 54350K(57392K)->54350K(57392K) NonClass: 47727K(49328K)->47727K(49328K) Class: 6622K(8064K)->6622K(8064K)
[2024-11-30T10:02:03.923-0700][gc            ] GC(16) Pause Young (Normal) (G1 Evacuation Pause) 209M->167M(1024M) 8.492ms
[2024-11-30T10:02:03.923-0700][gc,cpu        ] GC(16) User=0.02s Sys=0.02s Real=0.01s
[2024-11-30T10:09:39.037-0700][gc,start      ] GC(17) Pause Young (Normal) (G1 Evacuation Pause)
[2024-11-30T10:09:39.038-0700][gc,task       ] GC(17) Using 8 workers of 8 for evacuation
[2024-11-30T10:09:39.047-0700][gc,phases     ] GC(17)   Pre Evacuate Collection Set: 0.2ms
[2024-11-30T10:09:39.047-0700][gc,phases     ] GC(17)   Evacuate Collection Set: 7.6ms
[2024-11-30T10:09:39.047-0700][gc,phases     ] GC(17)   Post Evacuate Collection Set: 0.7ms
[2024-11-30T10:09:39.047-0700][gc,phases     ] GC(17)   Other: 1.3ms
[2024-11-30T10:09:39.047-0700][gc,heap       ] GC(17) Eden regions: 53->0(48)
[2024-11-30T10:09:39.047-0700][gc,heap       ] GC(17) Survivor regions: 3->6(7)
[2024-11-30T10:09:39.047-0700][gc,heap       ] GC(17) Old regions: 36->36
[2024-11-30T10:09:39.047-0700][gc,heap       ] GC(17) Humongous regions: 129->129
[2024-11-30T10:09:39.047-0700][gc,metaspace  ] GC(17) Metaspace: 54366K(57392K)->54366K(57392K) NonClass: 47743K(49328K)->47743K(49328K) Class: 6622K(8064K)->6622K(8064K)
[2024-11-30T10:09:39.047-0700][gc            ] GC(17) Pause Young (Normal) (G1 Evacuation Pause) 220M->170M(1024M) 9.453ms
[2024-11-30T10:09:39.047-0700][gc,cpu        ] GC(17) User=0.03s Sys=0.01s Real=0.01s
[2024-11-30T10:16:33.567-0700][gc,start      ] GC(18) Pause Young (Normal) (G1 Evacuation Pause)
[2024-11-30T10:16:33.568-0700][gc,task       ] GC(18) Using 8 workers of 8 for evacuation
[2024-11-30T10:16:33.578-0700][gc,phases     ] GC(18)   Pre Evacuate Collection Set: 0.4ms
[2024-11-30T10:16:33.578-0700][gc,phases     ] GC(18)   Evacuate Collection Set: 8.4ms
[2024-11-30T10:16:33.578-0700][gc,phases     ] GC(18)   Post Evacuate Collection Set: 0.3ms
[2024-11-30T10:16:33.578-0700][gc,phases     ] GC(18)   Other: 1.1ms
[2024-11-30T10:16:33.578-0700][gc,heap       ] GC(18) Eden regions: 48->0(53)
[2024-11-30T10:16:33.578-0700][gc,heap       ] GC(18) Survivor regions: 6->7(7)
[2024-11-30T10:16:33.578-0700][gc,heap       ] GC(18) Old regions: 36->39
[2024-11-30T10:16:33.578-0700][gc,heap       ] GC(18) Humongous regions: 129->129
[2024-11-30T10:16:33.578-0700][gc,metaspace  ] GC(18) Metaspace: 54378K(57392K)->54378K(57392K) NonClass: 47755K(49328K)->47755K(49328K) Class: 6622K(8064K)->6622K(8064K)
[2024-11-30T10:16:33.578-0700][gc            ] GC(18) Pause Young (Normal) (G1 Evacuation Pause) 218M->173M(1024M) 10.233ms
[2024-11-30T10:16:33.578-0700][gc,cpu        ] GC(18) User=0.02s Sys=0.03s Real=0.01s
[2024-11-30T10:23:21.020-0700][gc,start      ] GC(19) Pause Young (Normal) (G1 Evacuation Pause)
[2024-11-30T10:23:21.020-0700][gc,task       ] GC(19) Using 8 workers of 8 for evacuation
[2024-11-30T10:23:21.039-0700][gc,phases     ] GC(19)   Pre Evacuate Collection Set: 0.2ms
[2024-11-30T10:23:21.039-0700][gc,phases     ] GC(19)   Evacuate Collection Set: 17.9ms
[2024-11-30T10:23:21.039-0700][gc,phases     ] GC(19)   Post Evacuate Collection Set: 0.4ms
[2024-11-30T10:23:21.039-0700][gc,phases     ] GC(19)   Other: 0.4ms
[2024-11-30T10:23:21.039-0700][gc,heap       ] GC(19) Eden regions: 47->0(54)
[2024-11-30T10:23:21.039-0700][gc,heap       ] GC(19) Survivor regions: 7->7(7)
[2024-11-30T10:23:21.039-0700][gc,heap       ] GC(19) Old regions: 39->42
[2024-11-30T10:23:21.039-0700][gc,heap       ] GC(19) Humongous regions: 129->129
[2024-11-30T10:23:21.039-0700][gc,metaspace  ] GC(19) Metaspace: 54380K(57392K)->54380K(57392K) NonClass: 47757K(49328K)->47757K(49328K) Class: 6622K(8064K)->6622K(8064K)
[2024-11-30T10:23:21.039-0700][gc            ] GC(19) Pause Young (Normal) (G1 Evacuation Pause) 220M->176M(1024M) 19.041ms
[2024-11-30T10:23:21.039-0700][gc,cpu        ] GC(19) User=0.03s Sys=0.02s Real=0.01s
[2024-11-30T10:31:16.767-0700][gc,start      ] GC(20) Pause Young (Normal) (G1 Evacuation Pause)
[2024-11-30T10:31:16.767-0700][gc,task       ] GC(20) Using 8 workers of 8 for evacuation
[2024-11-30T10:31:16.778-0700][gc,phases     ] GC(20)   Pre Evacuate Collection Set: 0.8ms
[2024-11-30T10:31:16.778-0700][gc,phases     ] GC(20)   Evacuate Collection Set: 9.9ms
[2024-11-30T10:31:16.778-0700][gc,phases     ] GC(20)   Post Evacuate Collection Set: 0.3ms
[2024-11-30T10:31:16.778-0700][gc,phases     ] GC(20)   Other: 1.6ms
[2024-11-30T10:31:16.778-0700][gc,heap       ] GC(20) Eden regions: 54->0(87)
[2024-11-30T10:31:16.778-0700][gc,heap       ] GC(20) Survivor regions: 7->7(8)
[2024-11-30T10:31:16.778-0700][gc,heap       ] GC(20) Old regions: 42->45
[2024-11-30T10:31:16.778-0700][gc,heap       ] GC(20) Humongous regions: 129->129
[2024-11-30T10:31:16.778-0700][gc,metaspace  ] GC(20) Metaspace: 54397K(57648K)->54397K(57648K) NonClass: 47774K(49584K)->47774K(49584K) Class: 6623K(8064K)->6623K(8064K)
[2024-11-30T10:31:16.779-0700][gc            ] GC(20) Pause Young (Normal) (G1 Evacuation Pause) 230M->180M(1024M) 11.747ms
[2024-11-30T10:31:16.779-0700][gc,cpu        ] GC(20) User=0.03s Sys=0.02s Real=0.01s
[2024-11-30T10:38:43.815-0700][gc,start      ] GC(21) Pause Young (Normal) (G1 Evacuation Pause)
[2024-11-30T10:38:43.816-0700][gc,task       ] GC(21) Using 8 workers of 8 for evacuation
[2024-11-30T10:38:43.853-0700][gc,mmu        ] GC(21) MMU target violated: 21.0ms (20.0ms/21.0ms)
[2024-11-30T10:38:43.853-0700][gc,phases     ] GC(21)   Pre Evacuate Collection Set: 3.5ms
[2024-11-30T10:38:43.853-0700][gc,phases     ] GC(21)   Evacuate Collection Set: 29.7ms
[2024-11-30T10:38:43.853-0700][gc,phases     ] GC(21)   Post Evacuate Collection Set: 0.5ms
[2024-11-30T10:38:43.853-0700][gc,phases     ] GC(21)   Other: 4.1ms
[2024-11-30T10:38:43.853-0700][gc,heap       ] GC(21) Eden regions: 51->0(44)
[2024-11-30T10:38:43.853-0700][gc,heap       ] GC(21) Survivor regions: 7->7(8)
[2024-11-30T10:38:43.853-0700][gc,heap       ] GC(21) Old regions: 45->48
[2024-11-30T10:38:43.853-0700][gc,heap       ] GC(21) Humongous regions: 129->129
[2024-11-30T10:38:43.853-0700][gc,metaspace  ] GC(21) Metaspace: 54398K(57648K)->54398K(57648K) NonClass: 47775K(49584K)->47775K(49584K) Class: 6623K(8064K)->6623K(8064K)
[2024-11-30T10:38:43.853-0700][gc            ] GC(21) Pause Young (Normal) (G1 Evacuation Pause) 231M->183M(1024M) 37.992ms
[2024-11-30T10:38:43.854-0700][gc,cpu        ] GC(21) User=0.03s Sys=0.05s Real=0.04s
[2024-11-30T10:45:08.333-0700][gc,start      ] GC(22) Pause Young (Normal) (G1 Evacuation Pause)
[2024-11-30T10:45:08.334-0700][gc,task       ] GC(22) Using 8 workers of 8 for evacuation
[2024-11-30T10:45:08.353-0700][gc,phases     ] GC(22)   Pre Evacuate Collection Set: 0.2ms
[2024-11-30T10:45:08.353-0700][gc,phases     ] GC(22)   Evacuate Collection Set: 17.9ms
[2024-11-30T10:45:08.353-0700][gc,phases     ] GC(22)   Post Evacuate Collection Set: 1.5ms
[2024-11-30T10:45:08.353-0700][gc,phases     ] GC(22)   Other: 1.1ms
[2024-11-30T10:45:08.353-0700][gc,heap       ] GC(22) Eden regions: 44->0(44)
[2024-11-30T10:45:08.353-0700][gc,heap       ] GC(22) Survivor regions: 7->7(7)
[2024-11-30T10:45:08.353-0700][gc,heap       ] GC(22) Old regions: 48->52
[2024-11-30T10:45:08.353-0700][gc,heap       ] GC(22) Humongous regions: 129->129
[2024-11-30T10:45:08.353-0700][gc,metaspace  ] GC(22) Metaspace: 54401K(57648K)->54401K(57648K) NonClass: 47778K(49584K)->47778K(49584K) Class: 6623K(8064K)->6623K(8064K)
[2024-11-30T10:45:08.353-0700][gc            ] GC(22) Pause Young (Normal) (G1 Evacuation Pause) 227M->186M(1024M) 20.777ms
[2024-11-30T10:45:08.354-0700][gc,cpu        ] GC(22) User=0.02s Sys=0.04s Real=0.02s
[2024-11-30T12:17:45.189-0700][gc,start      ] GC(23) Pause Young (Normal) (G1 Evacuation Pause)
[2024-11-30T12:17:45.190-0700][gc,task       ] GC(23) Using 8 workers of 8 for evacuation
[2024-11-30T12:17:45.236-0700][gc,mmu        ] GC(23) MMU target violated: 21.0ms (20.0ms/21.0ms)
[2024-11-30T12:17:45.236-0700][gc,phases     ] GC(23)   Pre Evacuate Collection Set: 2.0ms
[2024-11-30T12:17:45.236-0700][gc,phases     ] GC(23)   Evacuate Collection Set: 38.2ms
[2024-11-30T12:17:45.236-0700][gc,phases     ] GC(23)   Post Evacuate Collection Set: 1.0ms
[2024-11-30T12:17:45.236-0700][gc,phases     ] GC(23)   Other: 7.5ms
[2024-11-30T12:17:45.236-0700][gc,heap       ] GC(23) Eden regions: 44->0(45)
[2024-11-30T12:17:45.236-0700][gc,heap       ] GC(23) Survivor regions: 7->6(7)
[2024-11-30T12:17:45.236-0700][gc,heap       ] GC(23) Old regions: 52->55
[2024-11-30T12:17:45.236-0700][gc,heap       ] GC(23) Humongous regions: 129->129
[2024-11-30T12:17:45.236-0700][gc,metaspace  ] GC(23) Metaspace: 54507K(57776K)->54507K(57776K) NonClass: 47853K(49584K)->47853K(49584K) Class: 6653K(8192K)->6653K(8192K)
[2024-11-30T12:17:45.236-0700][gc            ] GC(23) Pause Young (Normal) (G1 Evacuation Pause) 230M->188M(1024M) 47.789ms
[2024-11-30T12:17:45.236-0700][gc,cpu        ] GC(23) User=0.04s Sys=0.08s Real=0.05s
[2024-11-30T12:48:18.099-0700][gc,start      ] GC(24) Pause Young (Normal) (G1 Evacuation Pause)
[2024-11-30T12:48:18.100-0700][gc,task       ] GC(24) Using 8 workers of 8 for evacuation
[2024-11-30T12:48:18.155-0700][gc,mmu        ] GC(24) MMU target violated: 21.0ms (20.0ms/21.0ms)
[2024-11-30T12:48:18.155-0700][gc,phases     ] GC(24)   Pre Evacuate Collection Set: 3.4ms
[2024-11-30T12:48:18.155-0700][gc,phases     ] GC(24)   Evacuate Collection Set: 47.7ms
[2024-11-30T12:48:18.155-0700][gc,phases     ] GC(24)   Post Evacuate Collection Set: 1.1ms
[2024-11-30T12:48:18.155-0700][gc,phases     ] GC(24)   Other: 4.7ms
[2024-11-30T12:48:18.155-0700][gc,heap       ] GC(24) Eden regions: 45->0(48)
[2024-11-30T12:48:18.155-0700][gc,heap       ] GC(24) Survivor regions: 6->3(7)
[2024-11-30T12:48:18.155-0700][gc,heap       ] GC(24) Old regions: 55->58
[2024-11-30T12:48:18.155-0700][gc,heap       ] GC(24) Humongous regions: 129->129
[2024-11-30T12:48:18.155-0700][gc,metaspace  ] GC(24) Metaspace: 54529K(57776K)->54529K(57776K) NonClass: 47876K(49584K)->47876K(49584K) Class: 6653K(8192K)->6653K(8192K)
[2024-11-30T12:48:18.155-0700][gc            ] GC(24) Pause Young (Normal) (G1 Evacuation Pause) 233M->189M(1024M) 56.718ms
[2024-11-30T12:48:18.155-0700][gc,cpu        ] GC(24) User=0.02s Sys=0.05s Real=0.06s
[2024-11-30T13:21:45.101-0700][gc,start      ] GC(25) Pause Young (Normal) (G1 Evacuation Pause)
[2024-11-30T13:21:45.103-0700][gc,task       ] GC(25) Using 8 workers of 8 for evacuation
[2024-11-30T13:21:45.141-0700][gc,mmu        ] GC(25) MMU target violated: 21.0ms (20.0ms/21.0ms)
[2024-11-30T13:21:45.141-0700][gc,phases     ] GC(25)   Pre Evacuate Collection Set: 3.3ms
[2024-11-30T13:21:45.141-0700][gc,phases     ] GC(25)   Evacuate Collection Set: 31.4ms
[2024-11-30T13:21:45.141-0700][gc,phases     ] GC(25)   Post Evacuate Collection Set: 0.8ms
[2024-11-30T13:21:45.141-0700][gc,phases     ] GC(25)   Other: 6.1ms
[2024-11-30T13:21:45.141-0700][gc,heap       ] GC(25) Eden regions: 48->0(48)
[2024-11-30T13:21:45.141-0700][gc,heap       ] GC(25) Survivor regions: 3->3(7)
[2024-11-30T13:21:45.141-0700][gc,heap       ] GC(25) Old regions: 58->58
[2024-11-30T13:21:45.141-0700][gc,heap       ] GC(25) Humongous regions: 129->129
[2024-11-30T13:21:45.141-0700][gc,metaspace  ] GC(25) Metaspace: 54532K(57776K)->54532K(57776K) NonClass: 47879K(49584K)->47879K(49584K) Class: 6653K(8192K)->6653K(8192K)
[2024-11-30T13:21:45.142-0700][gc            ] GC(25) Pause Young (Normal) (G1 Evacuation Pause) 237M->188M(1024M) 40.825ms
[2024-11-30T13:21:45.142-0700][gc,cpu        ] GC(25) User=0.02s Sys=0.05s Real=0.04s
[2024-11-30T13:55:35.828-0700][gc,start      ] GC(26) Pause Young (Normal) (G1 Evacuation Pause)
[2024-11-30T13:55:35.829-0700][gc,task       ] GC(26) Using 8 workers of 8 for evacuation
[2024-11-30T13:55:35.851-0700][gc,mmu        ] GC(26) MMU target violated: 21.0ms (20.0ms/21.0ms)
[2024-11-30T13:55:35.851-0700][gc,phases     ] GC(26)   Pre Evacuate Collection Set: 3.2ms
[2024-11-30T13:55:35.851-0700][gc,phases     ] GC(26)   Evacuate Collection Set: 15.4ms
[2024-11-30T13:55:35.851-0700][gc,phases     ] GC(26)   Post Evacuate Collection Set: 0.5ms
[2024-11-30T13:55:35.851-0700][gc,phases     ] GC(26)   Other: 5.0ms
[2024-11-30T13:55:35.851-0700][gc,heap       ] GC(26) Eden regions: 48->0(48)
[2024-11-30T13:55:35.851-0700][gc,heap       ] GC(26) Survivor regions: 3->3(7)
[2024-11-30T13:55:35.851-0700][gc,heap       ] GC(26) Old regions: 58->58
[2024-11-30T13:55:35.851-0700][gc,heap       ] GC(26) Humongous regions: 129->129
[2024-11-30T13:55:35.851-0700][gc,metaspace  ] GC(26) Metaspace: 54541K(57776K)->54541K(57776K) NonClass: 47887K(49584K)->47887K(49584K) Class: 6653K(8192K)->6653K(8192K)
[2024-11-30T13:55:35.851-0700][gc            ] GC(26) Pause Young (Normal) (G1 Evacuation Pause) 236M->188M(1024M) 23.594ms
[2024-11-30T13:55:35.851-0700][gc,cpu        ] GC(26) User=0.02s Sys=0.03s Real=0.03s
[2024-11-30T14:29:31.374-0700][gc,start      ] GC(27) Pause Young (Normal) (G1 Evacuation Pause)
[2024-11-30T14:29:31.375-0700][gc,task       ] GC(27) Using 8 workers of 8 for evacuation
[2024-11-30T14:29:31.418-0700][gc,mmu        ] GC(27) MMU target violated: 21.0ms (20.0ms/21.0ms)
[2024-11-30T14:29:31.418-0700][gc,phases     ] GC(27)   Pre Evacuate Collection Set: 2.7ms
[2024-11-30T14:29:31.418-0700][gc,phases     ] GC(27)   Evacuate Collection Set: 37.2ms
[2024-11-30T14:29:31.418-0700][gc,phases     ] GC(27)   Post Evacuate Collection Set: 0.6ms
[2024-11-30T14:29:31.418-0700][gc,phases     ] GC(27)   Other: 3.8ms
[2024-11-30T14:29:31.418-0700][gc,heap       ] GC(27) Eden regions: 48->0(48)
[2024-11-30T14:29:31.418-0700][gc,heap       ] GC(27) Survivor regions: 3->3(7)
[2024-11-30T14:29:31.418-0700][gc,heap       ] GC(27) Old regions: 58->58
[2024-11-30T14:29:31.418-0700][gc,heap       ] GC(27) Humongous regions: 129->129
[2024-11-30T14:29:31.418-0700][gc,metaspace  ] GC(27) Metaspace: 54552K(57776K)->54552K(57776K) NonClass: 47899K(49584K)->47899K(49584K) Class: 6653K(8192K)->6653K(8192K)
[2024-11-30T14:29:31.418-0700][gc            ] GC(27) Pause Young (Normal) (G1 Evacuation Pause) 236M->188M(1024M) 43.629ms
[2024-11-30T14:29:31.418-0700][gc,cpu        ] GC(27) User=0.01s Sys=0.05s Real=0.04s
[2024-11-30T15:03:24.921-0700][gc,start      ] GC(28) Pause Young (Normal) (G1 Evacuation Pause)
[2024-11-30T15:03:24.922-0700][gc,task       ] GC(28) Using 8 workers of 8 for evacuation
[2024-11-30T15:03:24.941-0700][gc,phases     ] GC(28)   Pre Evacuate Collection Set: 2.3ms
[2024-11-30T15:03:24.941-0700][gc,phases     ] GC(28)   Evacuate Collection Set: 13.7ms
[2024-11-30T15:03:24.941-0700][gc,phases     ] GC(28)   Post Evacuate Collection Set: 0.8ms
[2024-11-30T15:03:24.941-0700][gc,phases     ] GC(28)   Other: 4.1ms
[2024-11-30T15:03:24.941-0700][gc,heap       ] GC(28) Eden regions: 48->0(48)
[2024-11-30T15:03:24.941-0700][gc,heap       ] GC(28) Survivor regions: 3->3(7)
[2024-11-30T15:03:24.941-0700][gc,heap       ] GC(28) Old regions: 58->58
[2024-11-30T15:03:24.941-0700][gc,heap       ] GC(28) Humongous regions: 129->129
[2024-11-30T15:03:24.941-0700][gc,metaspace  ] GC(28) Metaspace: 54571K(57776K)->54571K(57776K) NonClass: 47917K(49584K)->47917K(49584K) Class: 6653K(8192K)->6653K(8192K)
[2024-11-30T15:03:24.941-0700][gc            ] GC(28) Pause Young (Normal) (G1 Evacuation Pause) 236M->188M(1024M) 20.153ms
[2024-11-30T15:03:24.941-0700][gc,cpu        ] GC(28) User=0.02s Sys=0.04s Real=0.02s
[2024-11-30T15:37:19.847-0700][gc,start      ] GC(29) Pause Young (Normal) (G1 Evacuation Pause)
[2024-11-30T15:37:19.849-0700][gc,task       ] GC(29) Using 8 workers of 8 for evacuation
[2024-11-30T15:37:19.883-0700][gc,mmu        ] GC(29) MMU target violated: 21.0ms (20.0ms/21.0ms)
[2024-11-30T15:37:19.883-0700][gc,phases     ] GC(29)   Pre Evacuate Collection Set: 3.9ms
[2024-11-30T15:37:19.883-0700][gc,phases     ] GC(29)   Evacuate Collection Set: 25.7ms
[2024-11-30T15:37:19.883-0700][gc,phases     ] GC(29)   Post Evacuate Collection Set: 1.0ms
[2024-11-30T15:37:19.883-0700][gc,phases     ] GC(29)   Other: 6.2ms
[2024-11-30T15:37:19.883-0700][gc,heap       ] GC(29) Eden regions: 48->0(48)
[2024-11-30T15:37:19.883-0700][gc,heap       ] GC(29) Survivor regions: 3->3(7)
[2024-11-30T15:37:19.883-0700][gc,heap       ] GC(29) Old regions: 58->58
[2024-11-30T15:37:19.883-0700][gc,heap       ] GC(29) Humongous regions: 129->129
[2024-11-30T15:37:19.883-0700][gc,metaspace  ] GC(29) Metaspace: 54572K(57776K)->54572K(57776K) NonClass: 47918K(49584K)->47918K(49584K) Class: 6653K(8192K)->6653K(8192K)
[2024-11-30T15:37:19.884-0700][gc            ] GC(29) Pause Young (Normal) (G1 Evacuation Pause) 236M->188M(1024M) 36.351ms
[2024-11-30T15:37:19.884-0700][gc,cpu        ] GC(29) User=0.01s Sys=0.04s Real=0.04s
[2024-11-30T16:11:10.906-0700][gc,start      ] GC(30) Pause Young (Normal) (G1 Evacuation Pause)
[2024-11-30T16:11:10.909-0700][gc,task       ] GC(30) Using 8 workers of 8 for evacuation
[2024-11-30T16:11:10.952-0700][gc,mmu        ] GC(30) MMU target violated: 21.0ms (20.0ms/21.0ms)
[2024-11-30T16:11:10.952-0700][gc,phases     ] GC(30)   Pre Evacuate Collection Set: 6.4ms
[2024-11-30T16:11:10.952-0700][gc,phases     ] GC(30)   Evacuate Collection Set: 31.7ms
[2024-11-30T16:11:10.952-0700][gc,phases     ] GC(30)   Post Evacuate Collection Set: 0.9ms
[2024-11-30T16:11:10.952-0700][gc,phases     ] GC(30)   Other: 8.3ms
[2024-11-30T16:11:10.952-0700][gc,heap       ] GC(30) Eden regions: 48->0(48)
[2024-11-30T16:11:10.952-0700][gc,heap       ] GC(30) Survivor regions: 3->3(7)
[2024-11-30T16:11:10.952-0700][gc,heap       ] GC(30) Old regions: 58->58
[2024-11-30T16:11:10.952-0700][gc,heap       ] GC(30) Humongous regions: 129->129
[2024-11-30T16:11:10.952-0700][gc,metaspace  ] GC(30) Metaspace: 54574K(57776K)->54574K(57776K) NonClass: 47920K(49584K)->47920K(49584K) Class: 6653K(8192K)->6653K(8192K)
[2024-11-30T16:11:10.952-0700][gc            ] GC(30) Pause Young (Normal) (G1 Evacuation Pause) 236M->188M(1024M) 46.635ms
[2024-11-30T16:11:10.952-0700][gc,cpu        ] GC(30) User=0.02s Sys=0.07s Real=0.05s
[2024-11-30T16:45:14.805-0700][gc,start      ] GC(31) Pause Young (Normal) (G1 Evacuation Pause)
[2024-11-30T16:45:14.806-0700][gc,task       ] GC(31) Using 8 workers of 8 for evacuation
[2024-11-30T16:45:14.829-0700][gc,mmu        ] GC(31) MMU target violated: 21.0ms (20.0ms/21.0ms)
[2024-11-30T16:45:14.829-0700][gc,phases     ] GC(31)   Pre Evacuate Collection Set: 4.8ms
[2024-11-30T16:45:14.829-0700][gc,phases     ] GC(31)   Evacuate Collection Set: 15.3ms
[2024-11-30T16:45:14.829-0700][gc,phases     ] GC(31)   Post Evacuate Collection Set: 0.5ms
[2024-11-30T16:45:14.829-0700][gc,phases     ] GC(31)   Other: 3.8ms
[2024-11-30T16:45:14.829-0700][gc,heap       ] GC(31) Eden regions: 48->0(48)
[2024-11-30T16:45:14.829-0700][gc,heap       ] GC(31) Survivor regions: 3->3(7)
[2024-11-30T16:45:14.829-0700][gc,heap       ] GC(31) Old regions: 58->58
[2024-11-30T16:45:14.829-0700][gc,heap       ] GC(31) Humongous regions: 129->129
[2024-11-30T16:45:14.829-0700][gc,metaspace  ] GC(31) Metaspace: 54581K(57776K)->54581K(57776K) NonClass: 47927K(49584K)->47927K(49584K) Class: 6653K(8192K)->6653K(8192K)
[2024-11-30T16:45:14.829-0700][gc            ] GC(31) Pause Young (Normal) (G1 Evacuation Pause) 236M->188M(1024M) 23.982ms
[2024-11-30T16:45:14.829-0700][gc,cpu        ] GC(31) User=0.02s Sys=0.04s Real=0.02s
[2024-11-30T17:19:19.730-0700][gc,start      ] GC(32) Pause Young (Normal) (G1 Evacuation Pause)
[2024-11-30T17:19:19.731-0700][gc,task       ] GC(32) Using 8 workers of 8 for evacuation
[2024-11-30T17:19:19.754-0700][gc,mmu        ] GC(32) MMU target violated: 21.0ms (20.0ms/21.0ms)
[2024-11-30T17:19:19.754-0700][gc,phases     ] GC(32)   Pre Evacuate Collection Set: 3.8ms
[2024-11-30T17:19:19.754-0700][gc,phases     ] GC(32)   Evacuate Collection Set: 14.0ms
[2024-11-30T17:19:19.754-0700][gc,phases     ] GC(32)   Post Evacuate Collection Set: 0.4ms
[2024-11-30T17:19:19.754-0700][gc,phases     ] GC(32)   Other: 7.0ms
[2024-11-30T17:19:19.754-0700][gc,heap       ] GC(32) Eden regions: 48->0(48)
[2024-11-30T17:19:19.754-0700][gc,heap       ] GC(32) Survivor regions: 3->3(7)
[2024-11-30T17:19:19.754-0700][gc,heap       ] GC(32) Old regions: 58->58
[2024-11-30T17:19:19.754-0700][gc,heap       ] GC(32) Humongous regions: 129->129
[2024-11-30T17:19:19.754-0700][gc,metaspace  ] GC(32) Metaspace: 54583K(57776K)->54583K(57776K) NonClass: 47929K(49584K)->47929K(49584K) Class: 6653K(8192K)->6653K(8192K)
[2024-11-30T17:19:19.754-0700][gc            ] GC(32) Pause Young (Normal) (G1 Evacuation Pause) 236M->188M(1024M) 24.485ms
[2024-11-30T17:19:19.754-0700][gc,cpu        ] GC(32) User=0.01s Sys=0.03s Real=0.02s
[2024-11-30T17:53:19.680-0700][gc,start      ] GC(33) Pause Young (Normal) (G1 Evacuation Pause)
[2024-11-30T17:53:19.680-0700][gc,task       ] GC(33) Using 8 workers of 8 for evacuation
[2024-11-30T17:53:19.695-0700][gc,phases     ] GC(33)   Pre Evacuate Collection Set: 0.5ms
[2024-11-30T17:53:19.695-0700][gc,phases     ] GC(33)   Evacuate Collection Set: 10.7ms
[2024-11-30T17:53:19.695-0700][gc,phases     ] GC(33)   Post Evacuate Collection Set: 0.5ms
[2024-11-30T17:53:19.695-0700][gc,phases     ] GC(33)   Other: 3.2ms
[2024-11-30T17:53:19.695-0700][gc,heap       ] GC(33) Eden regions: 48->0(48)
[2024-11-30T17:53:19.695-0700][gc,heap       ] GC(33) Survivor regions: 3->3(7)
[2024-11-30T17:53:19.695-0700][gc,heap       ] GC(33) Old regions: 58->58
[2024-11-30T17:53:19.695-0700][gc,heap       ] GC(33) Humongous regions: 129->129
[2024-11-30T17:53:19.695-0700][gc,metaspace  ] GC(33) Metaspace: 54585K(57776K)->54585K(57776K) NonClass: 47931K(49584K)->47931K(49584K) Class: 6653K(8192K)->6653K(8192K)
[2024-11-30T17:53:19.695-0700][gc            ] GC(33) Pause Young (Normal) (G1 Evacuation Pause) 236M->188M(1024M) 14.970ms
[2024-11-30T17:53:19.695-0700][gc,cpu        ] GC(33) User=0.02s Sys=0.04s Real=0.01s
[2024-11-30T18:27:24.618-0700][gc,start      ] GC(34) Pause Young (Normal) (G1 Evacuation Pause)
[2024-11-30T18:27:24.619-0700][gc,task       ] GC(34) Using 8 workers of 8 for evacuation
[2024-11-30T18:27:24.635-0700][gc,phases     ] GC(34)   Pre Evacuate Collection Set: 1.8ms
[2024-11-30T18:27:24.636-0700][gc,phases     ] GC(34)   Evacuate Collection Set: 12.2ms
[2024-11-30T18:27:24.636-0700][gc,phases     ] GC(34)   Post Evacuate Collection Set: 0.5ms
[2024-11-30T18:27:24.636-0700][gc,phases     ] GC(34)   Other: 3.1ms
[2024-11-30T18:27:24.636-0700][gc,heap       ] GC(34) Eden regions: 48->0(49)
[2024-11-30T18:27:24.636-0700][gc,heap       ] GC(34) Survivor regions: 3->3(7)
[2024-11-30T18:27:24.636-0700][gc,heap       ] GC(34) Old regions: 58->58
[2024-11-30T18:27:24.636-0700][gc,heap       ] GC(34) Humongous regions: 129->129
[2024-11-30T18:27:24.636-0700][gc,metaspace  ] GC(34) Metaspace: 54586K(58032K)->54586K(58032K) NonClass: 47932K(49840K)->47932K(49840K) Class: 6653K(8192K)->6653K(8192K)
[2024-11-30T18:27:24.636-0700][gc            ] GC(34) Pause Young (Normal) (G1 Evacuation Pause) 236M->188M(1024M) 17.639ms
[2024-11-30T18:27:24.636-0700][gc,cpu        ] GC(34) User=0.02s Sys=0.03s Real=0.02s
[2024-11-30T19:01:25.637-0700][gc,start      ] GC(35) Pause Young (Normal) (G1 Evacuation Pause)
[2024-11-30T19:01:25.638-0700][gc,task       ] GC(35) Using 8 workers of 8 for evacuation
[2024-11-30T19:01:25.662-0700][gc,mmu        ] GC(35) MMU target violated: 21.0ms (20.0ms/21.0ms)
[2024-11-30T19:01:25.662-0700][gc,phases     ] GC(35)   Pre Evacuate Collection Set: 2.9ms
[2024-11-30T19:01:25.662-0700][gc,phases     ] GC(35)   Evacuate Collection Set: 16.8ms
[2024-11-30T19:01:25.662-0700][gc,phases     ] GC(35)   Post Evacuate Collection Set: 0.3ms
[2024-11-30T19:01:25.662-0700][gc,phases     ] GC(35)   Other: 5.5ms
[2024-11-30T19:01:25.662-0700][gc,heap       ] GC(35) Eden regions: 48->0(50)
[2024-11-30T19:01:25.662-0700][gc,heap       ] GC(35) Survivor regions: 3->3(7)
[2024-11-30T19:01:25.663-0700][gc,heap       ] GC(35) Old regions: 58->58
[2024-11-30T19:01:25.663-0700][gc,heap       ] GC(35) Humongous regions: 129->129
[2024-11-30T19:01:25.663-0700][gc,metaspace  ] GC(35) Metaspace: 54601K(58032K)->54601K(58032K) NonClass: 47947K(49840K)->47947K(49840K) Class: 6654K(8192K)->6654K(8192K)
[2024-11-30T19:01:25.663-0700][gc            ] GC(35) Pause Young (Normal) (G1 Evacuation Pause) 236M->188M(1024M) 25.073ms
[2024-11-30T19:01:25.663-0700][gc,cpu        ] GC(35) User=0.01s Sys=0.02s Real=0.03s
[2024-11-30T19:35:30.132-0700][gc,start      ] GC(36) Pause Young (Normal) (G1 Evacuation Pause)
[2024-11-30T19:35:30.133-0700][gc,task       ] GC(36) Using 8 workers of 8 for evacuation
[2024-11-30T19:35:30.165-0700][gc,mmu        ] GC(36) MMU target violated: 21.0ms (20.0ms/21.0ms)
[2024-11-30T19:35:30.165-0700][gc,phases     ] GC(36)   Pre Evacuate Collection Set: 3.5ms
[2024-11-30T19:35:30.165-0700][gc,phases     ] GC(36)   Evacuate Collection Set: 23.5ms
[2024-11-30T19:35:30.165-0700][gc,phases     ] GC(36)   Post Evacuate Collection Set: 0.8ms
[2024-11-30T19:35:30.165-0700][gc,phases     ] GC(36)   Other: 6.1ms
[2024-11-30T19:35:30.165-0700][gc,heap       ] GC(36) Eden regions: 48->0(48)
[2024-11-30T19:35:30.165-0700][gc,heap       ] GC(36) Survivor regions: 3->3(7)
[2024-11-30T19:35:30.165-0700][gc,heap       ] GC(36) Old regions: 58->58
[2024-11-30T19:35:30.165-0700][gc,heap       ] GC(36) Humongous regions: 129->129
[2024-11-30T19:35:30.165-0700][gc,metaspace  ] GC(36) Metaspace: 54603K(58032K)->54603K(58032K) NonClass: 47949K(49840K)->47949K(49840K) Class: 6654K(8192K)->6654K(8192K)
[2024-11-30T19:35:30.165-0700][gc            ] GC(36) Pause Young (Normal) (G1 Evacuation Pause) 236M->188M(1024M) 33.573ms
[2024-11-30T19:35:30.165-0700][gc,cpu        ] GC(36) User=0.01s Sys=0.05s Real=0.03s
[2024-11-30T20:09:24.413-0700][gc,start      ] GC(37) Pause Young (Normal) (G1 Evacuation Pause)
[2024-11-30T20:09:24.414-0700][gc,task       ] GC(37) Using 8 workers of 8 for evacuation
[2024-11-30T20:09:24.446-0700][gc,mmu        ] GC(37) MMU target violated: 21.0ms (20.0ms/21.0ms)
[2024-11-30T20:09:24.446-0700][gc,phases     ] GC(37)   Pre Evacuate Collection Set: 5.5ms
[2024-11-30T20:09:24.446-0700][gc,phases     ] GC(37)   Evacuate Collection Set: 19.9ms
[2024-11-30T20:09:24.446-0700][gc,phases     ] GC(37)   Post Evacuate Collection Set: 1.1ms
[2024-11-30T20:09:24.446-0700][gc,phases     ] GC(37)   Other: 8.3ms
[2024-11-30T20:09:24.446-0700][gc,heap       ] GC(37) Eden regions: 48->0(48)
[2024-11-30T20:09:24.446-0700][gc,heap       ] GC(37) Survivor regions: 3->3(7)
[2024-11-30T20:09:24.446-0700][gc,heap       ] GC(37) Old regions: 58->58
[2024-11-30T20:09:24.446-0700][gc,heap       ] GC(37) Humongous regions: 129->129
[2024-11-30T20:09:24.446-0700][gc,metaspace  ] GC(37) Metaspace: 54603K(58032K)->54603K(58032K) NonClass: 47949K(49840K)->47949K(49840K) Class: 6654K(8192K)->6654K(8192K)
[2024-11-30T20:09:24.446-0700][gc            ] GC(37) Pause Young (Normal) (G1 Evacuation Pause) 236M->188M(1024M) 33.695ms
[2024-11-30T20:09:24.446-0700][gc,cpu        ] GC(37) User=0.02s Sys=0.04s Real=0.03s
[2024-11-30T20:43:29.326-0700][gc,start      ] GC(38) Pause Young (Normal) (G1 Evacuation Pause)
[2024-11-30T20:43:29.327-0700][gc,task       ] GC(38) Using 8 workers of 8 for evacuation
[2024-11-30T20:43:29.362-0700][gc,mmu        ] GC(38) MMU target violated: 21.0ms (20.0ms/21.0ms)
[2024-11-30T20:43:29.362-0700][gc,phases     ] GC(38)   Pre Evacuate Collection Set: 4.7ms
[2024-11-30T20:43:29.362-0700][gc,phases     ] GC(38)   Evacuate Collection Set: 24.6ms
[2024-11-30T20:43:29.362-0700][gc,phases     ] GC(38)   Post Evacuate Collection Set: 1.6ms
[2024-11-30T20:43:29.362-0700][gc,phases     ] GC(38)   Other: 7.4ms
[2024-11-30T20:43:29.362-0700][gc,heap       ] GC(38) Eden regions: 48->0(50)
[2024-11-30T20:43:29.362-0700][gc,heap       ] GC(38) Survivor regions: 3->1(7)
[2024-11-30T20:43:29.362-0700][gc,heap       ] GC(38) Old regions: 58->60
[2024-11-30T20:43:29.362-0700][gc,heap       ] GC(38) Humongous regions: 129->129
[2024-11-30T20:43:29.363-0700][gc,metaspace  ] GC(38) Metaspace: 54603K(58032K)->54603K(58032K) NonClass: 47949K(49840K)->47949K(49840K) Class: 6654K(8192K)->6654K(8192K)
[2024-11-30T20:43:29.363-0700][gc            ] GC(38) Pause Young (Normal) (G1 Evacuation Pause) 236M->188M(1024M) 36.830ms
[2024-11-30T20:43:29.363-0700][gc,cpu        ] GC(38) User=0.03s Sys=0.06s Real=0.04s
[2024-11-30T21:19:04.230-0700][gc,start      ] GC(39) Pause Young (Normal) (G1 Evacuation Pause)
[2024-11-30T21:19:04.231-0700][gc,task       ] GC(39) Using 8 workers of 8 for evacuation
[2024-11-30T21:19:04.246-0700][gc,phases     ] GC(39)   Pre Evacuate Collection Set: 2.3ms
[2024-11-30T21:19:04.247-0700][gc,phases     ] GC(39)   Evacuate Collection Set: 10.8ms
[2024-11-30T21:19:04.247-0700][gc,phases     ] GC(39)   Post Evacuate Collection Set: 0.6ms
[2024-11-30T21:19:04.247-0700][gc,phases     ] GC(39)   Other: 3.0ms
[2024-11-30T21:19:04.247-0700][gc,heap       ] GC(39) Eden regions: 50->0(50)
[2024-11-30T21:19:04.247-0700][gc,heap       ] GC(39) Survivor regions: 1->1(7)
[2024-11-30T21:19:04.247-0700][gc,heap       ] GC(39) Old regions: 60->60
[2024-11-30T21:19:04.247-0700][gc,heap       ] GC(39) Humongous regions: 129->129
[2024-11-30T21:19:04.247-0700][gc,metaspace  ] GC(39) Metaspace: 54615K(58032K)->54615K(58032K) NonClass: 47961K(49840K)->47961K(49840K) Class: 6654K(8192K)->6654K(8192K)
[2024-11-30T21:19:04.247-0700][gc            ] GC(39) Pause Young (Normal) (G1 Evacuation Pause) 238M->188M(1024M) 16.599ms
[2024-11-30T21:19:04.247-0700][gc,cpu        ] GC(39) User=0.03s Sys=0.02s Real=0.01s
[2024-11-30T21:54:39.251-0700][gc,start      ] GC(40) Pause Young (Normal) (G1 Evacuation Pause)
[2024-11-30T21:54:39.253-0700][gc,task       ] GC(40) Using 8 workers of 8 for evacuation
[2024-11-30T21:54:39.279-0700][gc,mmu        ] GC(40) MMU target violated: 21.0ms (20.0ms/21.0ms)
[2024-11-30T21:54:39.280-0700][gc,phases     ] GC(40)   Pre Evacuate Collection Set: 2.7ms
[2024-11-30T21:54:39.280-0700][gc,phases     ] GC(40)   Evacuate Collection Set: 18.2ms
[2024-11-30T21:54:39.280-0700][gc,phases     ] GC(40)   Post Evacuate Collection Set: 1.3ms
[2024-11-30T21:54:39.280-0700][gc,phases     ] GC(40)   Other: 7.3ms
[2024-11-30T21:54:39.280-0700][gc,heap       ] GC(40) Eden regions: 50->0(50)
[2024-11-30T21:54:39.280-0700][gc,heap       ] GC(40) Survivor regions: 1->1(7)
[2024-11-30T21:54:39.280-0700][gc,heap       ] GC(40) Old regions: 60->60
[2024-11-30T21:54:39.280-0700][gc,heap       ] GC(40) Humongous regions: 129->129
[2024-11-30T21:54:39.280-0700][gc,metaspace  ] GC(40) Metaspace: 54615K(58032K)->54615K(58032K) NonClass: 47961K(49840K)->47961K(49840K) Class: 6654K(8192K)->6654K(8192K)
[2024-11-30T21:54:39.280-0700][gc            ] GC(40) Pause Young (Normal) (G1 Evacuation Pause) 238M->188M(1024M) 28.830ms
[2024-11-30T21:54:39.280-0700][gc,cpu        ] GC(40) User=0.05s Sys=0.02s Real=0.03s
[2024-11-30T23:04:02.177-0700][gc,start      ] GC(41) Pause Young (Normal) (G1 Evacuation Pause)
[2024-11-30T23:04:02.182-0700][gc,task       ] GC(41) Using 8 workers of 8 for evacuation
[2024-11-30T23:04:02.202-0700][gc,phases     ] GC(41)   Pre Evacuate Collection Set: 3.1ms
[2024-11-30T23:04:02.202-0700][gc,phases     ] GC(41)   Evacuate Collection Set: 13.2ms
[2024-11-30T23:04:02.202-0700][gc,phases     ] GC(41)   Post Evacuate Collection Set: 0.4ms
[2024-11-30T23:04:02.202-0700][gc,phases     ] GC(41)   Other: 9.8ms
[2024-11-30T23:04:02.202-0700][gc,heap       ] GC(41) Eden regions: 50->0(50)
[2024-11-30T23:04:02.202-0700][gc,heap       ] GC(41) Survivor regions: 1->1(7)
[2024-11-30T23:04:02.202-0700][gc,heap       ] GC(41) Old regions: 60->60
[2024-11-30T23:04:02.202-0700][gc,heap       ] GC(41) Humongous regions: 129->129
[2024-11-30T23:04:02.202-0700][gc,metaspace  ] GC(41) Metaspace: 54617K(58032K)->54617K(58032K) NonClass: 47963K(49840K)->47963K(49840K) Class: 6654K(8192K)->6654K(8192K)
[2024-11-30T23:04:02.202-0700][gc            ] GC(41) Pause Young (Normal) (G1 Evacuation Pause) 238M->188M(1024M) 25.512ms
[2024-11-30T23:04:02.202-0700][gc,cpu        ] GC(41) User=0.01s Sys=0.01s Real=0.03s
[2024-12-01T09:14:14.851-0700][gc,start      ] GC(42) Pause Young (Normal) (G1 Evacuation Pause)
[2024-12-01T09:14:14.853-0700][gc,task       ] GC(42) Using 8 workers of 8 for evacuation
[2024-12-01T09:14:14.892-0700][gc,mmu        ] GC(42) MMU target violated: 21.0ms (20.0ms/21.0ms)
[2024-12-01T09:14:14.892-0700][gc,phases     ] GC(42)   Pre Evacuate Collection Set: 6.6ms
[2024-12-01T09:14:14.892-0700][gc,phases     ] GC(42)   Evacuate Collection Set: 24.4ms
[2024-12-01T09:14:14.892-0700][gc,phases     ] GC(42)   Post Evacuate Collection Set: 1.1ms
[2024-12-01T09:14:14.892-0700][gc,phases     ] GC(42)   Other: 10.8ms
[2024-12-01T09:14:14.892-0700][gc,heap       ] GC(42) Eden regions: 50->0(50)
[2024-12-01T09:14:14.892-0700][gc,heap       ] GC(42) Survivor regions: 1->1(7)
[2024-12-01T09:14:14.892-0700][gc,heap       ] GC(42) Old regions: 60->60
[2024-12-01T09:14:14.892-0700][gc,heap       ] GC(42) Humongous regions: 129->129
[2024-12-01T09:14:14.892-0700][gc,metaspace  ] GC(42) Metaspace: 54628K(58032K)->54628K(58032K) NonClass: 47973K(49840K)->47973K(49840K) Class: 6654K(8192K)->6654K(8192K)
[2024-12-01T09:14:14.892-0700][gc            ] GC(42) Pause Young (Normal) (G1 Evacuation Pause) 238M->188M(1024M) 41.201ms
[2024-12-01T09:14:14.892-0700][gc,cpu        ] GC(42) User=0.06s Sys=0.03s Real=0.04s
[2024-12-01T09:49:30.041-0700][gc,start      ] GC(43) Pause Young (Normal) (G1 Evacuation Pause)
[2024-12-01T09:49:30.043-0700][gc,task       ] GC(43) Using 8 workers of 8 for evacuation
[2024-12-01T09:49:30.090-0700][gc,mmu        ] GC(43) MMU target violated: 21.0ms (20.0ms/21.0ms)
[2024-12-01T09:49:30.090-0700][gc,phases     ] GC(43)   Pre Evacuate Collection Set: 3.6ms
[2024-12-01T09:49:30.090-0700][gc,phases     ] GC(43)   Evacuate Collection Set: 36.5ms
[2024-12-01T09:49:30.090-0700][gc,phases     ] GC(43)   Post Evacuate Collection Set: 1.2ms
[2024-12-01T09:49:30.090-0700][gc,phases     ] GC(43)   Other: 9.9ms
[2024-12-01T09:49:30.090-0700][gc,heap       ] GC(43) Eden regions: 50->0(50)
[2024-12-01T09:49:30.090-0700][gc,heap       ] GC(43) Survivor regions: 1->1(7)
[2024-12-01T09:49:30.090-0700][gc,heap       ] GC(43) Old regions: 60->60
[2024-12-01T09:49:30.090-0700][gc,heap       ] GC(43) Humongous regions: 129->129
[2024-12-01T09:49:30.090-0700][gc,metaspace  ] GC(43) Metaspace: 54628K(58032K)->54628K(58032K) NonClass: 47973K(49840K)->47973K(49840K) Class: 6654K(8192K)->6654K(8192K)
[2024-12-01T09:49:30.090-0700][gc            ] GC(43) Pause Young (Normal) (G1 Evacuation Pause) 238M->188M(1024M) 49.613ms
[2024-12-01T09:49:30.090-0700][gc,cpu        ] GC(43) User=0.10s Sys=0.03s Real=0.05s
[2024-12-01T10:24:57.284-0700][gc,start      ] GC(44) Pause Young (Normal) (G1 Evacuation Pause)
[2024-12-01T10:24:57.286-0700][gc,task       ] GC(44) Using 8 workers of 8 for evacuation
[2024-12-01T10:24:57.314-0700][gc,mmu        ] GC(44) MMU target violated: 21.0ms (20.0ms/21.0ms)
[2024-12-01T10:24:57.314-0700][gc,phases     ] GC(44)   Pre Evacuate Collection Set: 5.3ms
[2024-12-01T10:24:57.314-0700][gc,phases     ] GC(44)   Evacuate Collection Set: 16.4ms
[2024-12-01T10:24:57.314-0700][gc,phases     ] GC(44)   Post Evacuate Collection Set: 1.4ms
[2024-12-01T10:24:57.314-0700][gc,phases     ] GC(44)   Other: 8.5ms
[2024-12-01T10:24:57.314-0700][gc,heap       ] GC(44) Eden regions: 50->0(51)
[2024-12-01T10:24:57.314-0700][gc,heap       ] GC(44) Survivor regions: 1->1(7)
[2024-12-01T10:24:57.314-0700][gc,heap       ] GC(44) Old regions: 60->60
[2024-12-01T10:24:57.314-0700][gc,heap       ] GC(44) Humongous regions: 129->129
[2024-12-01T10:24:57.314-0700][gc,metaspace  ] GC(44) Metaspace: 54629K(58032K)->54629K(58032K) NonClass: 47974K(49840K)->47974K(49840K) Class: 6654K(8192K)->6654K(8192K)
[2024-12-01T10:24:57.314-0700][gc            ] GC(44) Pause Young (Normal) (G1 Evacuation Pause) 238M->188M(1024M) 30.273ms
[2024-12-01T10:24:57.314-0700][gc,cpu        ] GC(44) User=0.04s Sys=0.02s Real=0.03s
[2024-12-01T11:01:02.990-0700][gc,start      ] GC(45) Pause Young (Normal) (G1 Evacuation Pause)
[2024-12-01T11:01:02.991-0700][gc,task       ] GC(45) Using 8 workers of 8 for evacuation
[2024-12-01T11:01:03.014-0700][gc,mmu        ] GC(45) MMU target violated: 21.0ms (20.0ms/21.0ms)
[2024-12-01T11:01:03.014-0700][gc,phases     ] GC(45)   Pre Evacuate Collection Set: 4.6ms
[2024-12-01T11:01:03.014-0700][gc,phases     ] GC(45)   Evacuate Collection Set: 13.6ms
[2024-12-01T11:01:03.014-0700][gc,phases     ] GC(45)   Post Evacuate Collection Set: 1.4ms
[2024-12-01T11:01:03.015-0700][gc,phases     ] GC(45)   Other: 6.6ms
[2024-12-01T11:01:03.015-0700][gc,heap       ] GC(45) Eden regions: 51->0(54)
[2024-12-01T11:01:03.015-0700][gc,heap       ] GC(45) Survivor regions: 1->1(7)
[2024-12-01T11:01:03.015-0700][gc,heap       ] GC(45) Old regions: 60->60
[2024-12-01T11:01:03.015-0700][gc,heap       ] GC(45) Humongous regions: 129->129
[2024-12-01T11:01:03.015-0700][gc,metaspace  ] GC(45) Metaspace: 54630K(58032K)->54630K(58032K) NonClass: 47975K(49840K)->47975K(49840K) Class: 6654K(8192K)->6654K(8192K)
[2024-12-01T11:01:03.015-0700][gc            ] GC(45) Pause Young (Normal) (G1 Evacuation Pause) 239M->188M(1024M) 24.832ms
[2024-12-01T11:01:03.015-0700][gc,cpu        ] GC(45) User=0.03s Sys=0.03s Real=0.02s
[2024-12-01T11:39:20.521-0700][gc,start      ] GC(46) Pause Young (Normal) (G1 Evacuation Pause)
[2024-12-01T11:39:20.523-0700][gc,task       ] GC(46) Using 8 workers of 8 for evacuation
[2024-12-01T11:39:20.572-0700][gc,mmu        ] GC(46) MMU target violated: 21.0ms (20.0ms/21.0ms)
[2024-12-01T11:39:20.572-0700][gc,phases     ] GC(46)   Pre Evacuate Collection Set: 4.4ms
[2024-12-01T11:39:20.572-0700][gc,phases     ] GC(46)   Evacuate Collection Set: 35.6ms
[2024-12-01T11:39:20.572-0700][gc,phases     ] GC(46)   Post Evacuate Collection Set: 3.6ms
[2024-12-01T11:39:20.572-0700][gc,phases     ] GC(46)   Other: 8.9ms
[2024-12-01T11:39:20.572-0700][gc,heap       ] GC(46) Eden regions: 54->0(50)
[2024-12-01T11:39:20.572-0700][gc,heap       ] GC(46) Survivor regions: 1->1(7)
[2024-12-01T11:39:20.572-0700][gc,heap       ] GC(46) Old regions: 60->60
[2024-12-01T11:39:20.572-0700][gc,heap       ] GC(46) Humongous regions: 129->129
[2024-12-01T11:39:20.572-0700][gc,metaspace  ] GC(46) Metaspace: 54630K(58032K)->54630K(58032K) NonClass: 47975K(49840K)->47975K(49840K) Class: 6654K(8192K)->6654K(8192K)
[2024-12-01T11:39:20.573-0700][gc            ] GC(46) Pause Young (Normal) (G1 Evacuation Pause) 242M->188M(1024M) 51.368ms
[2024-12-01T11:39:20.573-0700][gc,cpu        ] GC(46) User=0.08s Sys=0.04s Real=0.05s
[2024-12-01T12:14:55.409-0700][gc,start      ] GC(47) Pause Young (Normal) (G1 Evacuation Pause)
[2024-12-01T12:14:55.411-0700][gc,task       ] GC(47) Using 8 workers of 8 for evacuation
[2024-12-01T12:14:55.459-0700][gc,mmu        ] GC(47) MMU target violated: 21.0ms (20.0ms/21.0ms)
[2024-12-01T12:14:55.459-0700][gc,phases     ] GC(47)   Pre Evacuate Collection Set: 4.6ms
[2024-12-01T12:14:55.459-0700][gc,phases     ] GC(47)   Evacuate Collection Set: 34.0ms
[2024-12-01T12:14:55.459-0700][gc,phases     ] GC(47)   Post Evacuate Collection Set: 2.5ms
[2024-12-01T12:14:55.459-0700][gc,phases     ] GC(47)   Other: 11.0ms
[2024-12-01T12:14:55.459-0700][gc,heap       ] GC(47) Eden regions: 50->0(50)
[2024-12-01T12:14:55.459-0700][gc,heap       ] GC(47) Survivor regions: 1->1(7)
[2024-12-01T12:14:55.459-0700][gc,heap       ] GC(47) Old regions: 60->60
[2024-12-01T12:14:55.459-0700][gc,heap       ] GC(47) Humongous regions: 129->129
[2024-12-01T12:14:55.459-0700][gc,metaspace  ] GC(47) Metaspace: 54630K(58032K)->54630K(58032K) NonClass: 47975K(49840K)->47975K(49840K) Class: 6654K(8192K)->6654K(8192K)
[2024-12-01T12:14:55.459-0700][gc            ] GC(47) Pause Young (Normal) (G1 Evacuation Pause) 238M->188M(1024M) 50.397ms
[2024-12-01T12:14:55.459-0700][gc,cpu        ] GC(47) User=0.05s Sys=0.02s Real=0.05s
[2024-12-01T12:50:19.207-0700][gc,start      ] GC(48) Pause Young (Normal) (G1 Evacuation Pause)
[2024-12-01T12:50:19.209-0700][gc,task       ] GC(48) Using 8 workers of 8 for evacuation
[2024-12-01T12:50:19.248-0700][gc,mmu        ] GC(48) MMU target violated: 21.0ms (20.0ms/21.0ms)
[2024-12-01T12:50:19.248-0700][gc,phases     ] GC(48)   Pre Evacuate Collection Set: 8.7ms
[2024-12-01T12:50:19.248-0700][gc,phases     ] GC(48)   Evacuate Collection Set: 24.2ms
[2024-12-01T12:50:19.248-0700][gc,phases     ] GC(48)   Post Evacuate Collection Set: 0.9ms
[2024-12-01T12:50:19.248-0700][gc,phases     ] GC(48)   Other: 9.9ms
[2024-12-01T12:50:19.248-0700][gc,heap       ] GC(48) Eden regions: 50->0(50)
[2024-12-01T12:50:19.248-0700][gc,heap       ] GC(48) Survivor regions: 1->1(7)
[2024-12-01T12:50:19.248-0700][gc,heap       ] GC(48) Old regions: 60->60
[2024-12-01T12:50:19.248-0700][gc,heap       ] GC(48) Humongous regions: 129->129
[2024-12-01T12:50:19.249-0700][gc,metaspace  ] GC(48) Metaspace: 54633K(58032K)->54633K(58032K) NonClass: 47978K(49840K)->47978K(49840K) Class: 6654K(8192K)->6654K(8192K)
[2024-12-01T12:50:19.249-0700][gc            ] GC(48) Pause Young (Normal) (G1 Evacuation Pause) 238M->188M(1024M) 42.262ms
[2024-12-01T12:50:19.249-0700][gc,cpu        ] GC(48) User=0.07s Sys=0.04s Real=0.04s
[2024-12-01T13:25:55.176-0700][gc,start      ] GC(49) Pause Young (Normal) (G1 Evacuation Pause)
[2024-12-01T13:25:55.178-0700][gc,task       ] GC(49) Using 8 workers of 8 for evacuation
[2024-12-01T13:25:55.207-0700][gc,mmu        ] GC(49) MMU target violated: 21.0ms (20.0ms/21.0ms)
[2024-12-01T13:25:55.207-0700][gc,phases     ] GC(49)   Pre Evacuate Collection Set: 2.6ms
[2024-12-01T13:25:55.207-0700][gc,phases     ] GC(49)   Evacuate Collection Set: 20.5ms
[2024-12-01T13:25:55.207-0700][gc,phases     ] GC(49)   Post Evacuate Collection Set: 2.3ms
[2024-12-01T13:25:55.207-0700][gc,phases     ] GC(49)   Other: 7.0ms
[2024-12-01T13:25:55.207-0700][gc,heap       ] GC(49) Eden regions: 50->0(54)
[2024-12-01T13:25:55.207-0700][gc,heap       ] GC(49) Survivor regions: 1->1(7)
[2024-12-01T13:25:55.207-0700][gc,heap       ] GC(49) Old regions: 60->60
[2024-12-01T13:25:55.207-0700][gc,heap       ] GC(49) Humongous regions: 129->129
[2024-12-01T13:25:55.207-0700][gc,metaspace  ] GC(49) Metaspace: 54635K(58032K)->54635K(58032K) NonClass: 47980K(49840K)->47980K(49840K) Class: 6654K(8192K)->6654K(8192K)
[2024-12-01T13:25:55.208-0700][gc            ] GC(49) Pause Young (Normal) (G1 Evacuation Pause) 238M->188M(1024M) 31.435ms
[2024-12-01T13:25:55.208-0700][gc,cpu        ] GC(49) User=0.03s Sys=0.03s Real=0.03s
[2024-12-01T14:04:34.563-0700][gc,start      ] GC(50) Pause Young (Normal) (G1 Evacuation Pause)
[2024-12-01T14:04:34.564-0700][gc,task       ] GC(50) Using 8 workers of 8 for evacuation
[2024-12-01T14:04:34.585-0700][gc,mmu        ] GC(50) MMU target violated: 20.6ms (20.0ms/21.0ms)
[2024-12-01T14:04:34.585-0700][gc,phases     ] GC(50)   Pre Evacuate Collection Set: 3.3ms
[2024-12-01T14:04:34.585-0700][gc,phases     ] GC(50)   Evacuate Collection Set: 13.3ms
[2024-12-01T14:04:34.585-0700][gc,phases     ] GC(50)   Post Evacuate Collection Set: 0.7ms
[2024-12-01T14:04:34.585-0700][gc,phases     ] GC(50)   Other: 6.1ms
[2024-12-01T14:04:34.585-0700][gc,heap       ] GC(50) Eden regions: 54->0(62)
[2024-12-01T14:04:34.585-0700][gc,heap       ] GC(50) Survivor regions: 1->1(7)
[2024-12-01T14:04:34.585-0700][gc,heap       ] GC(50) Old regions: 60->60
[2024-12-01T14:04:34.585-0700][gc,heap       ] GC(50) Humongous regions: 129->129
[2024-12-01T14:04:34.585-0700][gc,metaspace  ] GC(50) Metaspace: 54635K(58032K)->54635K(58032K) NonClass: 47980K(49840K)->47980K(49840K) Class: 6654K(8192K)->6654K(8192K)
[2024-12-01T14:04:34.585-0700][gc            ] GC(50) Pause Young (Normal) (G1 Evacuation Pause) 242M->188M(1024M) 22.884ms
[2024-12-01T14:04:34.586-0700][gc,cpu        ] GC(50) User=0.03s Sys=0.02s Real=0.02s
[2024-12-01T14:49:19.419-0700][gc,start      ] GC(51) Pause Young (Normal) (G1 Evacuation Pause)
[2024-12-01T14:49:19.421-0700][gc,task       ] GC(51) Using 8 workers of 8 for evacuation
[2024-12-01T14:49:19.444-0700][gc,mmu        ] GC(51) MMU target violated: 21.0ms (20.0ms/21.0ms)
[2024-12-01T14:49:19.444-0700][gc,phases     ] GC(51)   Pre Evacuate Collection Set: 4.2ms
[2024-12-01T14:49:19.444-0700][gc,phases     ] GC(51)   Evacuate Collection Set: 13.9ms
[2024-12-01T14:49:19.444-0700][gc,phases     ] GC(51)   Post Evacuate Collection Set: 1.0ms
[2024-12-01T14:49:19.445-0700][gc,phases     ] GC(51)   Other: 7.7ms
[2024-12-01T14:49:19.445-0700][gc,heap       ] GC(51) Eden regions: 62->0(67)
[2024-12-01T14:49:19.445-0700][gc,heap       ] GC(51) Survivor regions: 1->1(8)
[2024-12-01T14:49:19.445-0700][gc,heap       ] GC(51) Old regions: 60->60
[2024-12-01T14:49:19.445-0700][gc,heap       ] GC(51) Humongous regions: 129->129
[2024-12-01T14:49:19.445-0700][gc,metaspace  ] GC(51) Metaspace: 54651K(58032K)->54651K(58032K) NonClass: 47996K(49840K)->47996K(49840K) Class: 6654K(8192K)->6654K(8192K)
[2024-12-01T14:49:19.445-0700][gc            ] GC(51) Pause Young (Normal) (G1 Evacuation Pause) 250M->188M(1024M) 25.460ms
[2024-12-01T14:49:19.445-0700][gc,cpu        ] GC(51) User=0.02s Sys=0.03s Real=0.03s
[2024-12-01T15:37:30.169-0700][gc,start      ] GC(52) Pause Young (Normal) (G1 Evacuation Pause)
[2024-12-01T15:37:30.170-0700][gc,task       ] GC(52) Using 8 workers of 8 for evacuation
[2024-12-01T15:37:30.206-0700][gc,mmu        ] GC(52) MMU target violated: 21.0ms (20.0ms/21.0ms)
[2024-12-01T15:37:30.206-0700][gc,phases     ] GC(52)   Pre Evacuate Collection Set: 8.8ms
[2024-12-01T15:37:30.206-0700][gc,phases     ] GC(52)   Evacuate Collection Set: 20.0ms
[2024-12-01T15:37:30.206-0700][gc,phases     ] GC(52)   Post Evacuate Collection Set: 1.3ms
[2024-12-01T15:37:30.206-0700][gc,phases     ] GC(52)   Other: 8.4ms
[2024-12-01T15:37:30.206-0700][gc,heap       ] GC(52) Eden regions: 67->0(72)
[2024-12-01T15:37:30.206-0700][gc,heap       ] GC(52) Survivor regions: 1->1(9)
[2024-12-01T15:37:30.206-0700][gc,heap       ] GC(52) Old regions: 60->60
[2024-12-01T15:37:30.206-0700][gc,heap       ] GC(52) Humongous regions: 129->129
[2024-12-01T15:37:30.206-0700][gc,metaspace  ] GC(52) Metaspace: 54652K(58032K)->54652K(58032K) NonClass: 47997K(49840K)->47997K(49840K) Class: 6654K(8192K)->6654K(8192K)
[2024-12-01T15:37:30.206-0700][gc            ] GC(52) Pause Young (Normal) (G1 Evacuation Pause) 255M->188M(1024M) 36.812ms
[2024-12-01T15:37:30.206-0700][gc,cpu        ] GC(52) User=0.05s Sys=0.03s Real=0.04s
[2024-12-01T16:29:09.202-0700][gc,start      ] GC(53) Pause Young (Normal) (G1 Evacuation Pause)
[2024-12-01T16:29:09.204-0700][gc,task       ] GC(53) Using 8 workers of 8 for evacuation
[2024-12-01T16:29:09.242-0700][gc,mmu        ] GC(53) MMU target violated: 21.0ms (20.0ms/21.0ms)
[2024-12-01T16:29:09.242-0700][gc,phases     ] GC(53)   Pre Evacuate Collection Set: 4.7ms
[2024-12-01T16:29:09.242-0700][gc,phases     ] GC(53)   Evacuate Collection Set: 27.5ms
[2024-12-01T16:29:09.243-0700][gc,phases     ] GC(53)   Post Evacuate Collection Set: 1.4ms
[2024-12-01T16:29:09.243-0700][gc,phases     ] GC(53)   Other: 9.0ms
[2024-12-01T16:29:09.243-0700][gc,heap       ] GC(53) Eden regions: 72->0(74)
[2024-12-01T16:29:09.243-0700][gc,heap       ] GC(53) Survivor regions: 1->1(10)
[2024-12-01T16:29:09.243-0700][gc,heap       ] GC(53) Old regions: 60->60
[2024-12-01T16:29:09.243-0700][gc,heap       ] GC(53) Humongous regions: 129->129
[2024-12-01T16:29:09.243-0700][gc,metaspace  ] GC(53) Metaspace: 54689K(58032K)->54689K(58032K) NonClass: 48034K(49840K)->48034K(49840K) Class: 6654K(8192K)->6654K(8192K)
[2024-12-01T16:29:09.243-0700][gc            ] GC(53) Pause Young (Normal) (G1 Evacuation Pause) 260M->188M(1024M) 41.413ms
[2024-12-01T16:29:09.243-0700][gc,cpu        ] GC(53) User=0.04s Sys=0.04s Real=0.04s
[2024-12-01T17:22:28.355-0700][gc,start      ] GC(54) Pause Young (Normal) (G1 Evacuation Pause)
[2024-12-01T17:22:28.356-0700][gc,task       ] GC(54) Using 8 workers of 8 for evacuation
[2024-12-01T17:22:28.382-0700][gc,mmu        ] GC(54) MMU target violated: 21.0ms (20.0ms/21.0ms)
[2024-12-01T17:22:28.382-0700][gc,phases     ] GC(54)   Pre Evacuate Collection Set: 4.0ms
[2024-12-01T17:22:28.382-0700][gc,phases     ] GC(54)   Evacuate Collection Set: 16.8ms
[2024-12-01T17:22:28.382-0700][gc,phases     ] GC(54)   Post Evacuate Collection Set: 1.8ms
[2024-12-01T17:22:28.383-0700][gc,phases     ] GC(54)   Other: 6.4ms
[2024-12-01T17:22:28.383-0700][gc,heap       ] GC(54) Eden regions: 74->0(81)
[2024-12-01T17:22:28.383-0700][gc,heap       ] GC(54) Survivor regions: 1->1(10)
[2024-12-01T17:22:28.383-0700][gc,heap       ] GC(54) Old regions: 60->60
[2024-12-01T17:22:28.383-0700][gc,heap       ] GC(54) Humongous regions: 129->129
[2024-12-01T17:22:28.383-0700][gc,metaspace  ] GC(54) Metaspace: 54719K(58032K)->54719K(58032K) NonClass: 48064K(49840K)->48064K(49840K) Class: 6654K(8192K)->6654K(8192K)
[2024-12-01T17:22:28.383-0700][gc            ] GC(54) Pause Young (Normal) (G1 Evacuation Pause) 262M->188M(1024M) 28.272ms
[2024-12-01T17:22:28.383-0700][gc,cpu        ] GC(54) User=0.05s Sys=0.02s Real=0.03s
[2024-12-01T18:21:00.111-0700][gc,start      ] GC(55) Pause Young (Normal) (G1 Evacuation Pause)
[2024-12-01T18:21:00.113-0700][gc,task       ] GC(55) Using 8 workers of 8 for evacuation
[2024-12-01T18:21:00.155-0700][gc,mmu        ] GC(55) MMU target violated: 21.0ms (20.0ms/21.0ms)
[2024-12-01T18:21:00.155-0700][gc,phases     ] GC(55)   Pre Evacuate Collection Set: 4.6ms
[2024-12-01T18:21:00.155-0700][gc,phases     ] GC(55)   Evacuate Collection Set: 31.4ms
[2024-12-01T18:21:00.155-0700][gc,phases     ] GC(55)   Post Evacuate Collection Set: 1.2ms
[2024-12-01T18:21:00.155-0700][gc,phases     ] GC(55)   Other: 8.8ms
[2024-12-01T18:21:00.155-0700][gc,heap       ] GC(55) Eden regions: 81->0(89)
[2024-12-01T18:21:00.155-0700][gc,heap       ] GC(55) Survivor regions: 1->1(11)
[2024-12-01T18:21:00.155-0700][gc,heap       ] GC(55) Old regions: 60->60
[2024-12-01T18:21:00.155-0700][gc,heap       ] GC(55) Humongous regions: 129->129
[2024-12-01T18:21:00.155-0700][gc,metaspace  ] GC(55) Metaspace: 54741K(58032K)->54741K(58032K) NonClass: 48087K(49840K)->48087K(49840K) Class: 6654K(8192K)->6654K(8192K)
[2024-12-01T18:21:00.155-0700][gc            ] GC(55) Pause Young (Normal) (G1 Evacuation Pause) 269M->188M(1024M) 44.441ms
[2024-12-01T18:21:00.155-0700][gc,cpu        ] GC(55) User=0.08s Sys=0.04s Real=0.04s
[2024-12-01T19:25:16.929-0700][gc,start      ] GC(56) Pause Young (Normal) (G1 Evacuation Pause)
[2024-12-01T19:25:16.931-0700][gc,task       ] GC(56) Using 8 workers of 8 for evacuation
[2024-12-01T19:25:16.963-0700][gc,mmu        ] GC(56) MMU target violated: 21.0ms (20.0ms/21.0ms)
[2024-12-01T19:25:16.963-0700][gc,phases     ] GC(56)   Pre Evacuate Collection Set: 4.2ms
[2024-12-01T19:25:16.963-0700][gc,phases     ] GC(56)   Evacuate Collection Set: 21.9ms
[2024-12-01T19:25:16.963-0700][gc,phases     ] GC(56)   Post Evacuate Collection Set: 1.7ms
[2024-12-01T19:25:16.963-0700][gc,phases     ] GC(56)   Other: 8.8ms
[2024-12-01T19:25:16.963-0700][gc,heap       ] GC(56) Eden regions: 89->0(102)
[2024-12-01T19:25:16.963-0700][gc,heap       ] GC(56) Survivor regions: 1->1(12)
[2024-12-01T19:25:16.963-0700][gc,heap       ] GC(56) Old regions: 60->60
[2024-12-01T19:25:16.964-0700][gc,heap       ] GC(56) Humongous regions: 129->129
[2024-12-01T19:25:16.964-0700][gc,metaspace  ] GC(56) Metaspace: 54744K(58032K)->54744K(58032K) NonClass: 48089K(49840K)->48089K(49840K) Class: 6654K(8192K)->6654K(8192K)
[2024-12-01T19:25:16.964-0700][gc            ] GC(56) Pause Young (Normal) (G1 Evacuation Pause) 277M->188M(1024M) 35.214ms
[2024-12-01T19:25:16.964-0700][gc,cpu        ] GC(56) User=0.06s Sys=0.03s Real=0.04s
[2024-12-01T20:39:35.011-0700][gc,start      ] GC(57) Pause Young (Normal) (G1 Evacuation Pause)
[2024-12-01T20:39:35.013-0700][gc,task       ] GC(57) Using 8 workers of 8 for evacuation
[2024-12-01T20:39:35.062-0700][gc,mmu        ] GC(57) MMU target violated: 21.0ms (20.0ms/21.0ms)
[2024-12-01T20:39:35.062-0700][gc,phases     ] GC(57)   Pre Evacuate Collection Set: 5.2ms
[2024-12-01T20:39:35.062-0700][gc,phases     ] GC(57)   Evacuate Collection Set: 36.1ms
[2024-12-01T20:39:35.062-0700][gc,phases     ] GC(57)   Post Evacuate Collection Set: 1.4ms
[2024-12-01T20:39:35.062-0700][gc,phases     ] GC(57)   Other: 10.0ms
[2024-12-01T20:39:35.062-0700][gc,heap       ] GC(57) Eden regions: 102->0(109)
[2024-12-01T20:39:35.062-0700][gc,heap       ] GC(57) Survivor regions: 1->1(13)
[2024-12-01T20:39:35.062-0700][gc,heap       ] GC(57) Old regions: 60->60
[2024-12-01T20:39:35.062-0700][gc,heap       ] GC(57) Humongous regions: 129->129
[2024-12-01T20:39:35.062-0700][gc,metaspace  ] GC(57) Metaspace: 54744K(58032K)->54744K(58032K) NonClass: 48089K(49840K)->48089K(49840K) Class: 6654K(8192K)->6654K(8192K)
[2024-12-01T20:39:35.062-0700][gc            ] GC(57) Pause Young (Normal) (G1 Evacuation Pause) 290M->188M(1024M) 51.207ms
[2024-12-01T20:39:35.063-0700][gc,cpu        ] GC(57) User=0.07s Sys=0.04s Real=0.05s
[2024-12-01T21:59:05.762-0700][gc,start      ] GC(58) Pause Young (Normal) (G1 Evacuation Pause)
[2024-12-01T21:59:05.763-0700][gc,task       ] GC(58) Using 8 workers of 8 for evacuation
[2024-12-01T21:59:05.796-0700][gc,mmu        ] GC(58) MMU target violated: 21.0ms (20.0ms/21.0ms)
[2024-12-01T21:59:05.796-0700][gc,phases     ] GC(58)   Pre Evacuate Collection Set: 5.0ms
[2024-12-01T21:59:05.796-0700][gc,phases     ] GC(58)   Evacuate Collection Set: 20.1ms
[2024-12-01T21:59:05.796-0700][gc,phases     ] GC(58)   Post Evacuate Collection Set: 1.5ms
[2024-12-01T21:59:05.796-0700][gc,phases     ] GC(58)   Other: 9.7ms
[2024-12-01T21:59:05.796-0700][gc,heap       ] GC(58) Eden regions: 109->0(126)
[2024-12-01T21:59:05.796-0700][gc,heap       ] GC(58) Survivor regions: 1->1(14)
[2024-12-01T21:59:05.796-0700][gc,heap       ] GC(58) Old regions: 60->60
[2024-12-01T21:59:05.796-0700][gc,heap       ] GC(58) Humongous regions: 129->129
[2024-12-01T21:59:05.796-0700][gc,metaspace  ] GC(58) Metaspace: 54744K(58032K)->54744K(58032K) NonClass: 48089K(49840K)->48089K(49840K) Class: 6654K(8192K)->6654K(8192K)
[2024-12-01T21:59:05.796-0700][gc            ] GC(58) Pause Young (Normal) (G1 Evacuation Pause) 297M->188M(1024M) 35.047ms
[2024-12-01T21:59:05.796-0700][gc,cpu        ] GC(58) User=0.03s Sys=0.02s Real=0.03s
[2024-12-01T22:24:43.706-0700][gc,heap,exit  ] Heap
[2024-12-01T22:24:43.706-0700][gc,heap,exit  ]  garbage-first heap   total 1048576K, used 240413K [0x0000000780000000, 0x00000007c0000000)
[2024-12-01T22:24:43.706-0700][gc,heap,exit  ]   region size 1024K, 49 young (50176K), 1 survivors (1024K)
[2024-12-01T22:24:43.706-0700][gc,heap,exit  ]  Metaspace       used 55732K, capacity 58992K, committed 59184K, reserved 1099776K
[2024-12-01T22:24:43.706-0700][gc,heap,exit  ]   class space    used 6896K, capacity 8457K, committed 8576K, reserved 1048576K
